Component: ARM Compiler 5.06 update 6 (build 750) Tool: armlink [4d35ed]

==============================================================================

Section Cross References

    startup_stm32l432xx.o(RESET) refers to startup_stm32l432xx.o(STACK) for __initial_sp
    startup_stm32l432xx.o(RESET) refers to startup_stm32l432xx.o(.text) for Reset_Handler
    startup_stm32l432xx.o(RESET) refers to stm32l4xx_it.o(i.NMI_Handler) for NMI_Handler
    startup_stm32l432xx.o(RESET) refers to stm32l4xx_it.o(i.HardFault_Handler) for HardFault_Handler
    startup_stm32l432xx.o(RESET) refers to stm32l4xx_it.o(i.MemManage_Handler) for MemManage_Handler
    startup_stm32l432xx.o(RESET) refers to stm32l4xx_it.o(i.BusFault_Handler) for BusFault_Handler
    startup_stm32l432xx.o(RESET) refers to stm32l4xx_it.o(i.UsageFault_Handler) for UsageFault_Handler
    startup_stm32l432xx.o(RESET) refers to port.o(.emb_text) for SVC_Handler
    startup_stm32l432xx.o(RESET) refers to stm32l4xx_it.o(i.DebugMon_Handler) for DebugMon_Handler
    startup_stm32l432xx.o(RESET) refers to port.o(i.SysTick_Handler) for SysTick_Handler
    startup_stm32l432xx.o(RESET) refers to stm32l4xx_it.o(i.TIM1_UP_TIM16_IRQHandler) for TIM1_UP_TIM16_IRQHandler
    startup_stm32l432xx.o(RESET) refers to stm32l4xx_it.o(i.USART1_IRQHandler) for USART1_IRQHandler
    startup_stm32l432xx.o(RESET) refers to stm32l4xx_it.o(i.USART2_IRQHandler) for USART2_IRQHandler
    startup_stm32l432xx.o(.text) refers to system_stm32l4xx.o(i.SystemInit) for SystemInit
    startup_stm32l432xx.o(.text) refers to entry.o(.ARM.Collect$$$$00000000) for __main
    dict.o(i.addDict) refers to dict.o(i.checkLetterInTrieNode) for checkLetterInTrieNode
    dict.o(i.addDict) refers to dict.o(i.markLetterInTrieNode) for markLetterInTrieNode
    dict.o(i.addDict) refers to dict.o(i.char2Indx) for char2Indx
    dict.o(i.addDict) refers to trie.o(i.newTrieNode) for newTrieNode
    dict.o(i.char2Indx) refers to dict.o(i.checkAlpha) for checkAlpha
    dict.o(i.char2Indx) refers to dict.o(i.lowerCaseify) for lowerCaseify
    dict.o(i.checkDict) refers to dict.o(i.checkLetterInTrieNode) for checkLetterInTrieNode
    dict.o(i.checkDict) refers to dict.o(i.char2Indx) for char2Indx
    dict.o(i.checkLetterInTrieNode) refers to dict.o(i.char2Indx) for char2Indx
    dict.o(i.initDict) refers to trie.o(i.newTrieNode) for newTrieNode
    dict.o(i.markLetterInTrieNode) refers to dict.o(i.char2Indx) for char2Indx
    dict.o(i.removeDict) refers to dict.o(i.checkDict) for checkDict
    dict.o(i.removeDict) refers to dict.o(i.unmarkLetterInTrieNode) for unmarkLetterInTrieNode
    dict.o(i.removeDict) refers to dict.o(i.char2Indx) for char2Indx
    dict.o(i.removeDict) refers to dict.o(i.checkAnyLetterInTrieNode) for checkAnyLetterInTrieNode
    dict.o(i.removeDict) refers to malloc.o(i.free) for free
    dict.o(i.unmarkLetterInTrieNode) refers to dict.o(i.char2Indx) for char2Indx
    trie.o(i.newTrieNode) refers to malloc.o(i.malloc) for malloc
    cmd_queue.o(i.Dict_CMD_Queue_Pop) refers to cmsis_os.o(i.osMutexWait) for osMutexWait
    cmd_queue.o(i.Dict_CMD_Queue_Pop) refers to malloc.o(i.malloc) for malloc
    cmd_queue.o(i.Dict_CMD_Queue_Pop) refers to cmsis_os.o(i.osMutexRelease) for osMutexRelease
    cmd_queue.o(i.Dict_CMD_Queue_Pop) refers to cmsis_os.o(i.osSignalSet) for osSignalSet
    cmd_queue.o(i.Dict_CMD_Queue_Pop) refers to main.o(.data) for cmdQueueLock
    cmd_queue.o(i.Dict_CMD_Queue_Push) refers to cmsis_os.o(i.osMutexWait) for osMutexWait
    cmd_queue.o(i.Dict_CMD_Queue_Push) refers to cmsis_os.o(i.osMutexRelease) for osMutexRelease
    cmd_queue.o(i.Dict_CMD_Queue_Push) refers to main.o(.data) for cmdQueueLock
    pkt_queue.o(i.Pkt_Queue_Pop) refers to malloc.o(i.malloc) for malloc
    main.o(i.DictionaryManagerTask) refers to cmsis_os.o(i.osSignalWait) for osSignalWait
    main.o(i.DictionaryManagerTask) refers to cmd_queue.o(i.Dict_CMD_Queue_Pop) for Dict_CMD_Queue_Pop
    main.o(i.DictionaryManagerTask) refers to printf2.o(i.__0snprintf$2) for __2snprintf
    main.o(i.DictionaryManagerTask) refers to malloc.o(i.free) for free
    main.o(i.DictionaryManagerTask) refers to cmsis_os.o(i.osSignalSet) for osSignalSet
    main.o(i.DictionaryManagerTask) refers to dict.o(i.checkDict) for checkDict
    main.o(i.DictionaryManagerTask) refers to dict.o(i.addDict) for addDict
    main.o(i.DictionaryManagerTask) refers to main.o(i.UART_SEND) for UART_SEND
    main.o(i.DictionaryManagerTask) refers to dict.o(i.removeDict) for removeDict
    main.o(i.DictionaryManagerTask) refers to main.o(.data) for .data
    main.o(i.HAL_TIM_PeriodElapsedCallback) refers to stm32l4xx_hal.o(i.HAL_IncTick) for HAL_IncTick
    main.o(i.HAL_UART_RxCpltCallback) refers to stm32l4xx_hal_uart.o(i.HAL_UART_Receive) for HAL_UART_Receive
    main.o(i.HAL_UART_RxCpltCallback) refers to malloc.o(i.malloc) for malloc
    main.o(i.HAL_UART_RxCpltCallback) refers to pkt_queue.o(i.Pkt_Queue_Push) for Pkt_Queue_Push
[...]
    ..\Drivers\STM32L4xx_HAL_Driver\Src\stm32l4xx_hal_flash_ex.c 0x00000000   Number         0  stm32l4xx_hal_flash_ex.o ABSOLUTE
    ..\Drivers\STM32L4xx_HAL_Driver\Src\stm32l4xx_hal_flash_ramfunc.c 0x00000000   Number         0  stm32l4xx_hal_flash_ramfunc.o ABSOLUTE
    ..\Drivers\STM32L4xx_HAL_Driver\Src\stm32l4xx_hal_gpio.c 0x00000000   Number         0  stm32l4xx_hal_gpio.o ABSOLUTE
    ..\Drivers\STM32L4xx_HAL_Driver\Src\stm32l4xx_hal_i2c.c 0x00000000   Number         0  stm32l4xx_hal_i2c.o ABSOLUTE
    ..\Drivers\STM32L4xx_HAL_Driver\Src\stm32l4xx_hal_i2c_ex.c 0x00000000   Number         0  stm32l4xx_hal_i2c_ex.o ABSOLUTE
    ..\Drivers\STM32L4xx_HAL_Driver\Src\stm32l4xx_hal_pwr.c 0x00000000   Number         0  stm32l4xx_hal_pwr.o ABSOLUTE
    ..\Drivers\STM32L4xx_HAL_Driver\Src\stm32l4xx_hal_pwr_ex.c 0x00000000   Number         0  stm32l4xx_hal_pwr_ex.o ABSOLUTE
    ..\Drivers\STM32L4xx_HAL_Driver\Src\stm32l4xx_hal_rcc.c 0x00000000   Number         0  stm32l4xx_hal_rcc.o ABSOLUTE
    ..\Drivers\STM32L4xx_HAL_Driver\Src\stm32l4xx_hal_rcc_ex.c 0x00000000   Number         0  stm32l4xx_hal_rcc_ex.o ABSOLUTE
    ..\Drivers\STM32L4xx_HAL_Driver\Src\stm32l4xx_hal_tim.c 0x00000000   Number         0  stm32l4xx_hal_tim.o ABSOLUTE
    ..\Drivers\STM32L4xx_HAL_Driver\Src\stm32l4xx_hal_tim_ex.c 0x00000000   Number         0  stm32l4xx_hal_tim_ex.o ABSOLUTE
    ..\Drivers\STM32L4xx_HAL_Driver\Src\stm32l4xx_hal_uart.c 0x00000000   Number         0  stm32l4xx_hal_uart.o ABSOLUTE
    ..\Drivers\STM32L4xx_HAL_Driver\Src\stm32l4xx_hal_uart_ex.c 0x00000000   Number         0  stm32l4xx_hal_uart_ex.o ABSOLUTE
    ..\Middlewares\Third_Party\FreeRTOS\Source\CMSIS_RTOS\cmsis_os.c 0x00000000   Number         0  cmsis_os.o ABSOLUTE
    ..\Middlewares\Third_Party\FreeRTOS\Source\portable\RVDS\ARM_CM4F\port.c 0x00000000   Number         0  port.o ABSOLUTE
    ..\Src\cmd_queue.c                       0x00000000   Number         0  cmd_queue.o ABSOLUTE
    ..\Src\dict.c                            0x00000000   Number         0  dict.o ABSOLUTE
    ..\Src\freertos.c                        0x00000000   Number         0  freertos.o ABSOLUTE
    ..\Src\main.c                            0x00000000   Number         0  main.o ABSOLUTE
    ..\Src\pkt_queue.c                       0x00000000   Number         0  pkt_queue.o ABSOLUTE
    ..\Src\stm32l4xx_hal_msp.c               0x00000000   Number         0  stm32l4xx_hal_msp.o ABSOLUTE
    ..\Src\stm32l4xx_hal_timebase_tim.c      0x00000000   Number         0  stm32l4xx_hal_timebase_tim.o ABSOLUTE
    ..\Src\stm32l4xx_it.c                    0x00000000   Number         0  stm32l4xx_it.o ABSOLUTE
    ..\Src\system_stm32l4xx.c                0x00000000   Number         0  system_stm32l4xx.o ABSOLUTE
    ..\Src\trie.c                            0x00000000   Number         0  trie.o ABSOLUTE
    cdrcmple.s                               0x00000000   Number         0  cdrcmple.o ABSOLUTE
    dc.s                                     0x00000000   Number         0  dc.o ABSOLUTE
    handlers.s                               0x00000000   Number         0  handlers.o ABSOLUTE
    init.s                                   0x00000000   Number         0  init.o ABSOLUTE
    startup_stm32l432xx.s                    0x00000000   Number         0  startup_stm32l432xx.o ABSOLUTE
    RESET                                    0x08000000   Section      396  startup_stm32l432xx.o(RESET)
    .ARM.Collect$$$$00000000                 0x0800018c   Section        0  entry.o(.ARM.Collect$$$$00000000)
    .ARM.Collect$$$$00000001                 0x0800018c   Section        4  entry2.o(.ARM.Collect$$$$00000001)
    .ARM.Collect$$$$00000004                 0x08000190   Section        4  entry5.o(.ARM.Collect$$$$00000004)
    .ARM.Collect$$$$00000008                 0x08000194   Section        0  entry7b.o(.ARM.Collect$$$$00000008)
    .ARM.Collect$$$$0000000A                 0x08000194   Section        0  entry8b.o(.ARM.Collect$$$$0000000A)
    .ARM.Collect$$$$0000000B                 0x08000194   Section        8  entry9a.o(.ARM.Collect$$$$0000000B)
    .ARM.Collect$$$$0000000D                 0x0800019c   Section        0  entry10a.o(.ARM.Collect$$$$0000000D)
    .ARM.Collect$$$$0000000F                 0x0800019c   Section        0  entry11a.o(.ARM.Collect$$$$0000000F)
    .ARM.Collect$$$$00002712                 0x0800019c   Section        4  entry2.o(.ARM.Collect$$$$00002712)
    __lit__00000000                          0x0800019c   Data           4  entry2.o(.ARM.Collect$$$$00002712)
    .emb_text                                0x080001a0   Section      190  port.o(.emb_text)
    $v0                                      0x080001a0   Number         0  port.o(.emb_text)
    .text                                    0x08000280   Section       36  startup_stm32l432xx.o(.text)
    $v0                                      0x08000280   Number         0  startup_stm32l432xx.o(.text)
    .text                                    0x080002a4   Section        0  uldiv.o(.text)
    .text                                    0x0800030c   Section        0  memcpya.o(.text)
    .text                                    0x08000330   Section        0  memseta.o(.text)
    .text                                    0x08000354   Section        0  strlen.o(.text)
    .text                                    0x08000362   Section        0  llshl.o(.text)
    .text                                    0x08000380   Section        0  llushr.o(.text)
    .text                                    0x080003a0   Section       36  init.o(.text)
    i.BusFault_Handler                       0x080003c4   Section        0  stm32l4xx_it.o(i.BusFault_Handler)
    i.DebugMon_Handler                       0x080003c6   Section        0  stm32l4xx_it.o(i.DebugMon_Handler)
    i.Dict_CMD_Queue_Init                    0x080003c8   Section        0  cmd_queue.o(i.Dict_CMD_Queue_Init)
    i.Dict_CMD_Queue_Pop                     0x080003d8   Section        0  cmd_queue.o(i.Dict_CMD_Queue_Pop)
    i.Dict_CMD_Queue_Push                    0x08000480   Section        0  cmd_queue.o(i.Dict_CMD_Queue_Push)
    i.DictionaryManagerTask                  0x08000518   Section        0  main.o(i.DictionaryManagerTask)
    i.HAL_DMA_Abort_IT                       0x08000610   Section        0  stm32l4xx_hal_dma.o(i.HAL_DMA_Abort_IT)
    i.HAL_GPIO_Init                          0x08000660   Section        0  stm32l4xx_hal_gpio.o(i.HAL_GPIO_Init)
    i.HAL_GPIO_WritePin                      0x08000802   Section        0  stm32l4xx_hal_gpio.o(i.HAL_GPIO_WritePin)
    i.HAL_GetTick                            0x0800080c   Section        0  stm32l4xx_hal.o(i.HAL_GetTick)
    i.HAL_IncTick                            0x08000818   Section        0  stm32l4xx_hal.o(i.HAL_IncTick)
    i.HAL_Init                               0x08000828   Section        0  stm32l4xx_hal.o(i.HAL_Init)
    i.HAL_InitTick                           0x08000848   Section        0  stm32l4xx_hal_timebase_tim.o(i.HAL_InitTick)
    i.HAL_MspInit                            0x080008bc   Section        0  stm32l4xx_hal_msp.o(i.HAL_MspInit)
    i.HAL_NVIC_EnableIRQ                     0x080008f0   Section        0  stm32l4xx_hal_cortex.o(i.HAL_NVIC_EnableIRQ)
    i.HAL_NVIC_SetPriority                   0x0800090c   Section        0  stm32l4xx_hal_cortex.o(i.HAL_NVIC_SetPriority)
    i.HAL_NVIC_SetPriorityGrouping           0x0800094c   Section        0  stm32l4xx_hal_cortex.o(i.HAL_NVIC_SetPriorityGrouping)
    i.HAL_PWREx_ControlVoltageScaling        0x08000970   Section        0  stm32l4xx_hal_pwr_ex.o(i.HAL_PWREx_ControlVoltageScaling)
    i.HAL_PWREx_GetVoltageRange              0x080009d8   Section        0  stm32l4xx_hal_pwr_ex.o(i.HAL_PWREx_GetVoltageRange)
    i.HAL_PWR_EnableBkUpAccess               0x080009e8   Section        0  stm32l4xx_hal_pwr.o(i.HAL_PWR_EnableBkUpAccess)
    i.HAL_RCCEx_EnableMSIPLLMode             0x080009f8   Section        0  stm32l4xx_hal_rcc_ex.o(i.HAL_RCCEx_EnableMSIPLLMode)
    i.HAL_RCCEx_PeriphCLKConfig              0x08000a08   Section        0  stm32l4xx_hal_rcc_ex.o(i.HAL_RCCEx_PeriphCLKConfig)
    i.HAL_RCC_ClockConfig                    0x08000c94   Section        0  stm32l4xx_hal_rcc.o(i.HAL_RCC_ClockConfig)
    i.HAL_RCC_GetClockConfig                 0x08000db4   Section        0  stm32l4xx_hal_rcc.o(i.HAL_RCC_GetClockConfig)
    i.HAL_RCC_GetPCLK1Freq                   0x08000df4   Section        0  stm32l4xx_hal_rcc.o(i.HAL_RCC_GetPCLK1Freq)
    i.HAL_RCC_GetPCLK2Freq                   0x08000e18   Section        0  stm32l4xx_hal_rcc.o(i.HAL_RCC_GetPCLK2Freq)
    i.HAL_RCC_GetSysClockFreq                0x08000e3c   Section        0  stm32l4xx_hal_rcc.o(i.HAL_RCC_GetSysClockFreq)
    i.HAL_RCC_OscConfig                      0x08000ee0   Section        0  stm32l4xx_hal_rcc.o(i.HAL_RCC_OscConfig)
    i.HAL_TIMEx_Break2Callback               0x0800144c   Section        0  stm32l4xx_hal_tim_ex.o(i.HAL_TIMEx_Break2Callback)
    i.HAL_TIMEx_BreakCallback                0x0800144e   Section        0  stm32l4xx_hal_tim_ex.o(i.HAL_TIMEx_BreakCallback)
    i.HAL_TIMEx_CommutCallback               0x08001450   Section        0  stm32l4xx_hal_tim_ex.o(i.HAL_TIMEx_CommutCallback)
    i.HAL_TIM_Base_Init                      0x08001452   Section        0  stm32l4xx_hal_tim.o(i.HAL_TIM_Base_Init)
    i.HAL_TIM_Base_MspInit                   0x08001488   Section        0  stm32l4xx_hal_tim.o(i.HAL_TIM_Base_MspInit)
    i.HAL_TIM_Base_Start_IT                  0x0800148c   Section        0  stm32l4xx_hal_tim.o(i.HAL_TIM_Base_Start_IT)
    i.HAL_TIM_IC_CaptureCallback             0x080014b8   Section        0  stm32l4xx_hal_tim.o(i.HAL_TIM_IC_CaptureCallback)
    i.HAL_TIM_IRQHandler                     0x080014ba   Section        0  stm32l4xx_hal_tim.o(i.HAL_TIM_IRQHandler)
    i.HAL_TIM_OC_DelayElapsedCallback        0x0800163e   Section        0  stm32l4xx_hal_tim.o(i.HAL_TIM_OC_DelayElapsedCallback)
    i.HAL_TIM_PWM_PulseFinishedCallback      0x08001640   Section        0  stm32l4xx_hal_tim.o(i.HAL_TIM_PWM_PulseFinishedCallback)
    i.HAL_TIM_PeriodElapsedCallback          0x08001644   Section        0  main.o(i.HAL_TIM_PeriodElapsedCallback)
    i.HAL_TIM_TriggerCallback                0x08001658   Section        0  stm32l4xx_hal_tim.o(i.HAL_TIM_TriggerCallback)
    i.HAL_UARTEx_WakeupCallback              0x0800165a   Section        0  stm32l4xx_hal_uart_ex.o(i.HAL_UARTEx_WakeupCallback)
    i.HAL_UART_ErrorCallback                 0x0800165c   Section        0  stm32l4xx_hal_uart.o(i.HAL_UART_ErrorCallback)
    i.HAL_UART_IRQHandler                    0x08001660   Section        0  stm32l4xx_hal_uart.o(i.HAL_UART_IRQHandler)
    i.HAL_UART_Init                          0x080017c0   Section        0  stm32l4xx_hal_uart.o(i.HAL_UART_Init)
    i.HAL_UART_MspInit                       0x08001828   Section        0  stm32l4xx_hal_msp.o(i.HAL_UART_MspInit)
    i.HAL_UART_Receive                       0x080018f8   Section        0  stm32l4xx_hal_uart.o(i.HAL_UART_Receive)
    i.HAL_UART_Receive_IT                    0x080019ec   Section        0  stm32l4xx_hal_uart.o(i.HAL_UART_Receive_IT)
    i.HAL_UART_RxCpltCallback                0x08001a98   Section        0  main.o(i.HAL_UART_RxCpltCallback)
    i.HAL_UART_Transmit                      0x08001b00   Section        0  stm32l4xx_hal_uart.o(i.HAL_UART_Transmit)
    i.HAL_UART_TxCpltCallback                0x08001bb6   Section        0  stm32l4xx_hal_uart.o(i.HAL_UART_TxCpltCallback)
    i.HardFault_Handler                      0x08001bb8   Section        0  stm32l4xx_it.o(i.HardFault_Handler)
    i.MX_GPIO_Init                           0x08001bbc   Section        0  main.o(i.MX_GPIO_Init)
    MX_GPIO_Init                             0x08001bbd   Thumb Code   100  main.o(i.MX_GPIO_Init)
    i.MX_USART1_UART_Init                    0x08001c28   Section        0  main.o(i.MX_USART1_UART_Init)
    MX_USART1_UART_Init                      0x08001c29   Thumb Code    36  main.o(i.MX_USART1_UART_Init)
    i.MX_USART2_UART_Init                    0x08001c54   Section        0  main.o(i.MX_USART2_UART_Init)
    MX_USART2_UART_Init                      0x08001c55   Thumb Code    36  main.o(i.MX_USART2_UART_Init)
    i.MemManage_Handler                      0x08001c80   Section        0  stm32l4xx_it.o(i.MemManage_Handler)
    i.NMI_Handler                            0x08001c82   Section        0  stm32l4xx_it.o(i.NMI_Handler)
    i.Pkt_Queue_Init                         0x08001c84   Section        0  pkt_queue.o(i.Pkt_Queue_Init)
    i.Pkt_Queue_Pop                          0x08001c92   Section        0  pkt_queue.o(i.Pkt_Queue_Pop)
    i.Pkt_Queue_Push                         0x08001cfc   Section        0  pkt_queue.o(i.Pkt_Queue_Push)
    i.RCCEx_PLLSAI1_Config                   0x08001d70   Section        0  stm32l4xx_hal_rcc_ex.o(i.RCCEx_PLLSAI1_Config)
    RCCEx_PLLSAI1_Config                     0x08001d71   Thumb Code   278  stm32l4xx_hal_rcc_ex.o(i.RCCEx_PLLSAI1_Config)
    i.RCC_SetFlashLatencyFromMSIRange        0x08001e9c   Section        0  stm32l4xx_hal_rcc.o(i.RCC_SetFlashLatencyFromMSIRange)
    RCC_SetFlashLatencyFromMSIRange          0x08001e9d   Thumb Code   116  stm32l4xx_hal_rcc.o(i.RCC_SetFlashLatencyFromMSIRange)
    i.StartDefaultTask                       0x08001f18   Section        0  main.o(i.StartDefaultTask)
    i.SysTick_Handler                        0x08001fb0   Section        0  port.o(i.SysTick_Handler)
    i.SystemClock_Config                     0x08001fdc   Section        0  main.o(i.SystemClock_Config)
    i.SystemInit                             0x0800206c   Section        0  system_stm32l4xx.o(i.SystemInit)
    i.TIM1_UP_TIM16_IRQHandler               0x080020b0   Section        0  stm32l4xx_it.o(i.TIM1_UP_TIM16_IRQHandler)
    i.TIM_Base_SetConfig                     0x080020bc   Section        0  stm32l4xx_hal_tim.o(i.TIM_Base_SetConfig)
    i.UART_AdvFeatureConfig                  0x08002128   Section        0  stm32l4xx_hal_uart.o(i.UART_AdvFeatureConfig)
    i.UART_CheckIdleState                    0x080021f0   Section        0  stm32l4xx_hal_uart.o(i.UART_CheckIdleState)
    i.UART_DMAAbortOnError                   0x08002248   Section        0  stm32l4xx_hal_uart.o(i.UART_DMAAbortOnError)
    UART_DMAAbortOnError                     0x08002249   Thumb Code    20  stm32l4xx_hal_uart.o(i.UART_DMAAbortOnError)
    i.UART_EndRxTransfer                     0x0800225c   Section        0  stm32l4xx_hal_uart.o(i.UART_EndRxTransfer)
    UART_EndRxTransfer                       0x0800225d   Thumb Code    30  stm32l4xx_hal_uart.o(i.UART_EndRxTransfer)
    i.UART_RxISR_16BIT                       0x0800227a   Section        0  stm32l4xx_hal_uart.o(i.UART_RxISR_16BIT)
    UART_RxISR_16BIT                         0x0800227b   Thumb Code    90  stm32l4xx_hal_uart.o(i.UART_RxISR_16BIT)
    i.UART_RxISR_8BIT                        0x080022d4   Section        0  stm32l4xx_hal_uart.o(i.UART_RxISR_8BIT)
    UART_RxISR_8BIT                          0x080022d5   Thumb Code    90  stm32l4xx_hal_uart.o(i.UART_RxISR_8BIT)
    i.UART_SEND                              0x08002330   Section        0  main.o(i.UART_SEND)
    i.UART_SetConfig                         0x08002390   Section        0  stm32l4xx_hal_uart.o(i.UART_SetConfig)
    i.UART_WaitOnFlagUntilTimeout            0x080025b8   Section        0  stm32l4xx_hal_uart.o(i.UART_WaitOnFlagUntilTimeout)
    i.USART1_IRQHandler                      0x0800265c   Section        0  stm32l4xx_it.o(i.USART1_IRQHandler)
    i.USART2_IRQHandler                      0x08002668   Section        0  stm32l4xx_it.o(i.USART2_IRQHandler)
    i.UsageFault_Handler                     0x08002674   Section        0  stm32l4xx_it.o(i.UsageFault_Handler)
    i.__0snprintf$2                          0x08002678   Section        0  printf2.o(i.__0snprintf$2)
    i.__NVIC_SetPriority                     0x080026a8   Section        0  stm32l4xx_hal_cortex.o(i.__NVIC_SetPriority)
    __NVIC_SetPriority                       0x080026a9   Thumb Code    32  stm32l4xx_hal_cortex.o(i.__NVIC_SetPriority)
    i.__scatterload_copy                     0x080026c8   Section       14  handlers.o(i.__scatterload_copy)
    i.__scatterload_null                     0x080026d6   Section        2  handlers.o(i.__scatterload_null)
    i.__scatterload_zeroinit                 0x080026d8   Section       14  handlers.o(i.__scatterload_zeroinit)
    i._printf_core                           0x080026e6   Section        0  printf2.o(i._printf_core)
    _printf_core                             0x080026e7   Thumb Code   214  printf2.o(i._printf_core)
    i._snputc                                0x080027c2   Section        0  printf2.o(i._snputc)
    _snputc                                  0x080027c3   Thumb Code    22  printf2.o(i._snputc)
    i.addDict                                0x080027d8   Section        0  dict.o(i.addDict)
    i.char2Indx                              0x08002848   Section        0  dict.o(i.char2Indx)
    i.checkAlpha                             0x08002862   Section        0  dict.o(i.checkAlpha)
    i.checkAnyLetterInTrieNode               0x08002878   Section        0  dict.o(i.checkAnyLetterInTrieNode)
    i.checkDict                              0x08002882   Section        0  dict.o(i.checkDict)
    i.checkLetterInTrieNode                  0x080028b6   Section        0  dict.o(i.checkLetterInTrieNode)
    i.free                                   0x080028d4   Section        0  malloc.o(i.free)
    i.inHandlerMode                          0x08002924   Section        0  cmsis_os.o(i.inHandlerMode)
    inHandlerMode                            0x08002925   Thumb Code    12  cmsis_os.o(i.inHandlerMode)
    i.initDict                               0x08002930   Section        0  dict.o(i.initDict)
    i.lowerCaseify                           0x08002944   Section        0  dict.o(i.lowerCaseify)
    i.main                                   0x08002950   Section        0  main.o(i.main)
    i.makeFreeRtosPriority                   0x080029e4   Section        0  cmsis_os.o(i.makeFreeRtosPriority)
    makeFreeRtosPriority                     0x080029e5   Thumb Code    12  cmsis_os.o(i.makeFreeRtosPriority)
    i.malloc                                 0x080029f0   Section        0  malloc.o(i.malloc)
    i.markLetterInTrieNode                   0x08002a5c   Section        0  dict.o(i.markLetterInTrieNode)
    i.newTrieNode                            0x08002a72   Section        0  trie.o(i.newTrieNode)
    i.osKernelStart                          0x08002a80   Section        0  cmsis_os.o(i.osKernelStart)
    i.osMutexCreate                          0x08002a8a   Section        0  cmsis_os.o(i.osMutexCreate)
    i.osMutexRelease                         0x08002a9c   Section        0  cmsis_os.o(i.osMutexRelease)
    i.osMutexWait                            0x08002aec   Section        0  cmsis_os.o(i.osMutexWait)
    i.osSignalSet                            0x08002b50   Section        0  cmsis_os.o(i.osSignalSet)
    i.osSignalWait                           0x08002bac   Section        0  cmsis_os.o(i.osSignalWait)
    i.osThreadCreate                         0x08002c02   Section        0  cmsis_os.o(i.osThreadCreate)
    i.osThreadYield                          0x08002c58   Section        0  cmsis_os.o(i.osThreadYield)
    i.prvAddCurrentTaskToDelayedList         0x08002c70   Section        0  tasks.o(i.prvAddCurrentTaskToDelayedList)
    prvAddCurrentTaskToDelayedList           0x08002c71   Thumb Code   102  tasks.o(i.prvAddCurrentTaskToDelayedList)
    i.prvAddNewTaskToReadyList               0x08002ce0   Section        0  tasks.o(i.prvAddNewTaskToReadyList)
    prvAddNewTaskToReadyList                 0x08002ce1   Thumb Code   194  tasks.o(i.prvAddNewTaskToReadyList)
    i.prvCopyDataFromQueue                   0x08002db0   Section        0  queue.o(i.prvCopyDataFromQueue)
    prvCopyDataFromQueue                     0x08002db1   Thumb Code    38  queue.o(i.prvCopyDataFromQueue)
    i.prvCopyDataToQueue                     0x08002dd6   Section        0  queue.o(i.prvCopyDataToQueue)
    prvCopyDataToQueue                       0x08002dd7   Thumb Code   108  queue.o(i.prvCopyDataToQueue)
    i.prvDeleteTCB                           0x08002e42   Section        0  tasks.o(i.prvDeleteTCB)
    prvDeleteTCB                             0x08002e43   Thumb Code    52  tasks.o(i.prvDeleteTCB)
    i.prvHeapInit                            0x08002e78   Section        0  heap_4.o(i.prvHeapInit)
    prvHeapInit                              0x08002e79   Thumb Code    64  heap_4.o(i.prvHeapInit)
    i.prvIdleTask                            0x08002ec0   Section        0  tasks.o(i.prvIdleTask)
    prvIdleTask                              0x08002ec1   Thumb Code    82  tasks.o(i.prvIdleTask)
    i.prvInitialiseMutex                     0x08002f20   Section        0  queue.o(i.prvInitialiseMutex)
    prvInitialiseMutex                       0x08002f21   Thumb Code    22  queue.o(i.prvInitialiseMutex)
    i.prvInitialiseNewQueue                  0x08002f36   Section        0  queue.o(i.prvInitialiseNewQueue)
    prvInitialiseNewQueue                    0x08002f37   Thumb Code    22  queue.o(i.prvInitialiseNewQueue)
    i.prvInitialiseNewTask                   0x08002f4c   Section        0  tasks.o(i.prvInitialiseNewTask)
    prvInitialiseNewTask                     0x08002f4d   Thumb Code   152  tasks.o(i.prvInitialiseNewTask)
    i.prvInsertBlockIntoFreeList             0x08002fe4   Section        0  heap_4.o(i.prvInsertBlockIntoFreeList)
    prvInsertBlockIntoFreeList               0x08002fe5   Thumb Code    72  heap_4.o(i.prvInsertBlockIntoFreeList)
    i.prvIsQueueEmpty                        0x08003030   Section        0  queue.o(i.prvIsQueueEmpty)
    prvIsQueueEmpty                          0x08003031   Thumb Code    28  queue.o(i.prvIsQueueEmpty)
    i.prvResetNextTaskUnblockTime            0x0800304c   Section        0  tasks.o(i.prvResetNextTaskUnblockTime)
    prvResetNextTaskUnblockTime              0x0800304d   Thumb Code    26  tasks.o(i.prvResetNextTaskUnblockTime)
    i.prvTaskExitError                       0x0800306c   Section        0  port.o(i.prvTaskExitError)
    prvTaskExitError                         0x0800306d   Thumb Code    36  port.o(i.prvTaskExitError)
    i.prvUnlockQueue                         0x08003094   Section        0  queue.o(i.prvUnlockQueue)
    prvUnlockQueue                           0x08003095   Thumb Code   106  queue.o(i.prvUnlockQueue)
    i.pvPortMalloc                           0x08003100   Section        0  heap_4.o(i.pvPortMalloc)
    i.pvTaskIncrementMutexHeldCount          0x080031d8   Section        0  tasks.o(i.pvTaskIncrementMutexHeldCount)
    i.pxPortInitialiseStack                  0x080031f0   Section        0  port.o(i.pxPortInitialiseStack)
    i.removeDict                             0x0800321c   Section        0  dict.o(i.removeDict)
    i.toUpper                                0x08003300   Section        0  main.o(i.toUpper)
    i.unmarkLetterInTrieNode                 0x0800331c   Section        0  dict.o(i.unmarkLetterInTrieNode)
    i.uxListRemove                           0x08003332   Section        0  list.o(i.uxListRemove)
    i.vApplicationGetIdleTaskMemory          0x08003358   Section        0  freertos.o(i.vApplicationGetIdleTaskMemory)
    i.vListInitialise                        0x0800336c   Section        0  list.o(i.vListInitialise)
    i.vListInitialiseItem                    0x08003382   Section        0  list.o(i.vListInitialiseItem)
    i.vListInsert                            0x08003388   Section        0  list.o(i.vListInsert)
    i.vListInsertEnd                         0x080033b8   Section        0  list.o(i.vListInsertEnd)
    i.vPortEnterCritical                     0x080033d0   Section        0  port.o(i.vPortEnterCritical)
    i.vPortExitCritical                      0x08003410   Section        0  port.o(i.vPortExitCritical)
    i.vPortFree                              0x08003438   Section        0  heap_4.o(i.vPortFree)
    i.vPortSetupTimerInterrupt               0x08003494   Section        0  port.o(i.vPortSetupTimerInterrupt)
    i.vPortValidateInterruptPriority         0x080034b8   Section        0  port.o(i.vPortValidateInterruptPriority)
    i.vTaskInternalSetTimeOutState           0x0800350c   Section        0  tasks.o(i.vTaskInternalSetTimeOutState)
    i.vTaskMissedYield                       0x0800351c   Section        0  tasks.o(i.vTaskMissedYield)
    i.vTaskPlaceOnEventList                  0x08003528   Section        0  tasks.o(i.vTaskPlaceOnEventList)
    i.vTaskPriorityDisinheritAfterTimeout    0x08003558   Section        0  tasks.o(i.vTaskPriorityDisinheritAfterTimeout)
    i.vTaskStartScheduler                    0x08003600   Section        0  tasks.o(i.vTaskStartScheduler)
    i.vTaskSuspendAll                        0x0800366c   Section        0  tasks.o(i.vTaskSuspendAll)
    i.vTaskSwitchContext                     0x0800367c   Section        0  tasks.o(i.vTaskSwitchContext)
    i.xPortStartScheduler                    0x080036d8   Section        0  port.o(i.xPortStartScheduler)
    i.xQueueCreateMutex                      0x080037cc   Section        0  queue.o(i.xQueueCreateMutex)
    i.xQueueCreateMutexStatic                0x080037e2   Section        0  queue.o(i.xQueueCreateMutexStatic)
    i.xQueueGenericCreate                    0x080037fc   Section        0  queue.o(i.xQueueGenericCreate)
    i.xQueueGenericCreateStatic              0x08003844   Section        0  queue.o(i.xQueueGenericCreateStatic)
    i.xQueueGenericReset                     0x080038ac   Section        0  queue.o(i.xQueueGenericReset)
    i.xQueueGenericSend                      0x08003934   Section        0  queue.o(i.xQueueGenericSend)
    i.xQueueGiveFromISR                      0x08003a94   Section        0  queue.o(i.xQueueGiveFromISR)
    i.xQueueReceiveFromISR                   0x08003b30   Section        0  queue.o(i.xQueueReceiveFromISR)
    i.xQueueSemaphoreTake                    0x08003bcc   Section        0  queue.o(i.xQueueSemaphoreTake)
    i.xTaskCheckForTimeOut                   0x08003d44   Section        0  tasks.o(i.xTaskCheckForTimeOut)
    i.xTaskCreate                            0x08003db8   Section        0  tasks.o(i.xTaskCreate)
    i.xTaskCreateStatic                      0x08003e18   Section        0  tasks.o(i.xTaskCreateStatic)
    i.xTaskGenericNotify                     0x08003e70   Section        0  tasks.o(i.xTaskGenericNotify)
    i.xTaskGenericNotifyFromISR              0x08003f50   Section        0  tasks.o(i.xTaskGenericNotifyFromISR)
    i.xTaskGetSchedulerState                 0x08004054   Section        0  tasks.o(i.xTaskGetSchedulerState)
    i.xTaskIncrementTick                     0x08004070   Section        0  tasks.o(i.xTaskIncrementTick)
    i.xTaskNotifyWait                        0x08004138   Section        0  tasks.o(i.xTaskNotifyWait)
    i.xTaskPriorityDisinherit                0x080041c4   Section        0  tasks.o(i.xTaskPriorityDisinherit)
    i.xTaskPriorityInherit                   0x0800425c   Section        0  tasks.o(i.xTaskPriorityInherit)
    i.xTaskRemoveFromEventList               0x080042f0   Section        0  tasks.o(i.xTaskRemoveFromEventList)
    i.xTaskResumeAll                         0x08004364   Section        0  tasks.o(i.xTaskResumeAll)
    .constdata                               0x08004428   Section       56  main.o(.constdata)
    .constdata                               0x08004460   Section       64  system_stm32l4xx.o(.constdata)
    .constdata                               0x080044a0   Section        8  system_stm32l4xx.o(.constdata)
    .conststring                             0x080044a8   Section       30  main.o(.conststring)
    .data                                    0x20000000   Section       24  main.o(.data)
    .data                                    0x20000018   Section       12  stm32l4xx_hal.o(.data)
    .data                                    0x20000024   Section        4  system_stm32l4xx.o(.data)
    .data                                    0x20000028   Section       60  tasks.o(.data)
    pxDelayedTaskList                        0x2000002c   Data           4  tasks.o(.data)
    pxOverflowDelayedTaskList                0x20000030   Data           4  tasks.o(.data)
    uxDeletedTasksWaitingCleanUp             0x20000034   Data           4  tasks.o(.data)
    uxCurrentNumberOfTasks                   0x20000038   Data           4  tasks.o(.data)
    xTickCount                               0x2000003c   Data           4  tasks.o(.data)
    uxTopReadyPriority                       0x20000040   Data           4  tasks.o(.data)
    xSchedulerRunning                        0x20000044   Data           4  tasks.o(.data)
    uxPendedTicks                            0x20000048   Data           4  tasks.o(.data)
    xYieldPending                            0x2000004c   Data           4  tasks.o(.data)
    xNumOfOverflows                          0x20000050   Data           4  tasks.o(.data)
    uxTaskNumber                             0x20000054   Data           4  tasks.o(.data)
    xNextTaskUnblockTime                     0x20000058   Data           4  tasks.o(.data)
    xIdleTaskHandle                          0x2000005c   Data           4  tasks.o(.data)
    uxSchedulerSuspended                     0x20000060   Data           4  tasks.o(.data)
    .data                                    0x20000064   Section       24  heap_4.o(.data)
    pxEnd                                    0x20000064   Data           4  heap_4.o(.data)
    xFreeBytesRemaining                      0x20000068   Data           4  heap_4.o(.data)
    xMinimumEverFreeBytesRemaining           0x2000006c   Data           4  heap_4.o(.data)
    xBlockAllocatedBit                       0x20000070   Data           4  heap_4.o(.data)
    xStart                                   0x20000074   Data           8  heap_4.o(.data)
    .data                                    0x2000007c   Section       12  port.o(.data)
    ucMaxSysCallPriority                     0x2000007c   Data           1  port.o(.data)
    uxCriticalNesting                        0x20000080   Data           4  port.o(.data)
    ulMaxPRIGROUPValue                       0x20000084   Data           4  port.o(.data)
    .data                                    0x20000088   Section        4  mvars.o(.data)
    .data                                    0x2000008c   Section        4  mvars.o(.data)
    .bss                                     0x20000090   Section      288  main.o(.bss)
    .bss                                     0x200001b0   Section      596  freertos.o(.bss)
    xIdleTaskTCBBuffer                       0x200001b0   Data          84  freertos.o(.bss)
    xIdleStack                               0x20000204   Data         512  freertos.o(.bss)
    .bss                                     0x20000404   Section       64  stm32l4xx_hal_timebase_tim.o(.bss)
    .bss                                     0x20000444   Section      240  tasks.o(.bss)
    pxReadyTasksLists                        0x20000444   Data         140  tasks.o(.bss)
    xDelayedTaskList1                        0x200004d0   Data          20  tasks.o(.bss)
    xDelayedTaskList2                        0x200004e4   Data          20  tasks.o(.bss)
    xPendingReadyList                        0x200004f8   Data          20  tasks.o(.bss)
    xTasksWaitingTermination                 0x2000050c   Data          20  tasks.o(.bss)
    xSuspendedTaskList                       0x20000520   Data          20  tasks.o(.bss)
    .bss                                     0x20000534   Section     3000  heap_4.o(.bss)
    ucHeap                                   0x20000534   Data        3000  heap_4.o(.bss)
    HEAP                                     0x200010f0   Section     4096  startup_stm32l432xx.o(HEAP)
    STACK                                    0x200020f0   Section     1024  startup_stm32l432xx.o(STACK)

    Global Symbols

    Symbol Name                              Value     Ov Type        Size  Object(Section)

    BuildAttributes$$THM_ISAv4$E$P$D$K$B$S$7EM$VFPi3$EXTD16$VFPS$VFMA$PE$A:L22UL41UL21$X:L11$S22US41US21$IEEE1$IW$USESV6$~STKCKD$USESV7$~SHL$OSPACE$ROPI$EBA8$MICROLIB$REQ8$PRES8$EABIv2 0x00000000   Number         0  anon$$obj.o ABSOLUTE
    __ARM_use_no_argv                        0x00000000   Number         0  main.o ABSOLUTE
    _printf_a                                0x00000000   Number         0  stubs.o ABSOLUTE
    _printf_c                                0x00000000   Number         0  stubs.o ABSOLUTE
    _printf_charcount                        0x00000000   Number         0  stubs.o ABSOLUTE
    _printf_d                                0x00000000   Number         0  stubs.o ABSOLUTE
    _printf_e                                0x00000000   Number         0  stubs.o ABSOLUTE
    _printf_f                                0x00000000   Number         0  stubs.o ABSOLUTE
    _printf_flags                            0x00000000   Number         0  stubs.o ABSOLUTE
    _printf_fp_dec                           0x00000000   Number         0  stubs.o ABSOLUTE
    _printf_fp_hex                           0x00000000   Number         0  stubs.o ABSOLUTE
    _printf_g                                0x00000000   Number         0  stubs.o ABSOLUTE
    _printf_i                                0x00000000   Number         0  stubs.o ABSOLUTE
    _printf_int_dec                          0x00000000   Number         0  stubs.o ABSOLUTE
    _printf_l                                0x00000000   Number         0  stubs.o ABSOLUTE
    _printf_lc                               0x00000000   Number         0  stubs.o ABSOLUTE
    _printf_ll                               0x00000000   Number         0  stubs.o ABSOLUTE
    _printf_lld                              0x00000000   Number         0  stubs.o ABSOLUTE
    _printf_lli                              0x00000000   Number         0  stubs.o ABSOLUTE
    _printf_llo                              0x00000000   Number         0  stubs.o ABSOLUTE
    _printf_llu                              0x00000000   Number         0  stubs.o ABSOLUTE
    _printf_llx                              0x00000000   Number         0  stubs.o ABSOLUTE
    _printf_longlong_dec                     0x00000000   Number         0  stubs.o ABSOLUTE
    _printf_longlong_hex                     0x00000000   Number         0  stubs.o ABSOLUTE
    _printf_longlong_oct                     0x00000000   Number         0  stubs.o ABSOLUTE
    _printf_ls                               0x00000000   Number         0  stubs.o ABSOLUTE
    _printf_mbtowc                           0x00000000   Number         0  stubs.o ABSOLUTE
    _printf_n                                0x00000000   Number         0  stubs.o ABSOLUTE
    _printf_o                                0x00000000   Number         0  stubs.o ABSOLUTE
    _printf_p                                0x00000000   Number         0  stubs.o ABSOLUTE
    _printf_percent                          0x00000000   Number         0  stubs.o ABSOLUTE
    _printf_pre_padding                      0x00000000   Number         0  stubs.o ABSOLUTE
    _printf_return_value                     0x00000000   Number         0  stubs.o ABSOLUTE
    _printf_s                                0x00000000   Number         0  stubs.o ABSOLUTE
    _printf_sizespec                         0x00000000   Number         0  stubs.o ABSOLUTE
    _printf_str                              0x00000000   Number         0  stubs.o ABSOLUTE
    _printf_truncate_signed                  0x00000000   Number         0  stubs.o ABSOLUTE
    _printf_truncate_unsigned                0x00000000   Number         0  stubs.o ABSOLUTE
    _printf_u                                0x00000000   Number         0  stubs.o ABSOLUTE
    _printf_wc                               0x00000000   Number         0  stubs.o ABSOLUTE
    _printf_wctomb                           0x00000000   Number         0  stubs.o ABSOLUTE
    _printf_widthprec                        0x00000000   Number         0  stubs.o ABSOLUTE
    _printf_x                                0x00000000   Number         0  stubs.o ABSOLUTE
    __cpp_initialize__aeabi_                  - Undefined Weak Reference
    __cxa_finalize                            - Undefined Weak Reference
    __decompress                              - Undefined Weak Reference
    _clock_init                               - Undefined Weak Reference
    _microlib_exit                            - Undefined Weak Reference
    __Vectors_Size                           0x0000018c   Number         0  startup_stm32l432xx.o ABSOLUTE
    __Vectors                                0x08000000   Data           4  startup_stm32l432xx.o(RESET)
    __Vectors_End                            0x0800018c   Data           0  startup_stm32l432xx.o(RESET)
    __main                                   0x0800018d   Thumb Code     0  entry.o(.ARM.Collect$$$$00000000)
    _main_stk                                0x0800018d   Thumb Code     0  entry2.o(.ARM.Collect$$$$00000001)
    _main_scatterload                        0x08000191   Thumb Code     0  entry5.o(.ARM.Collect$$$$00000004)
    __main_after_scatterload                 0x08000195   Thumb Code     0  entry5.o(.ARM.Collect$$$$00000004)
    _main_clock                              0x08000195   Thumb Code     0  entry7b.o(.ARM.Collect$$$$00000008)
    _main_cpp_init                           0x08000195   Thumb Code     0  entry8b.o(.ARM.Collect$$$$0000000A)
    _main_init                               0x08000195   Thumb Code     0  entry9a.o(.ARM.Collect$$$$0000000B)
    __rt_final_cpp                           0x0800019d   Thumb Code     0  entry10a.o(.ARM.Collect$$$$0000000D)
    __rt_final_exit                          0x0800019d   Thumb Code     0  entry11a.o(.ARM.Collect$$$$0000000F)
    SVC_Handler                              0x080001a1   Thumb Code    28  port.o(.emb_text)
    __asm___6_port_c_39a90d8d__prvStartFirstTask 0x080001c1   Thumb Code    36  port.o(.emb_text)
    __asm___6_port_c_39a90d8d__prvEnableVFP  0x080001e9   Thumb Code    16  port.o(.emb_text)
    PendSV_Handler                           0x080001fd   Thumb Code    88  port.o(.emb_text)
    vPortGetIPSR                             0x08000259   Thumb Code     6  port.o(.emb_text)
    Reset_Handler                            0x08000281   Thumb Code     8  startup_stm32l432xx.o(.text)
    ADC1_IRQHandler                          0x0800029b   Thumb Code     0  startup_stm32l432xx.o(.text)
    CAN1_RX0_IRQHandler                      0x0800029b   Thumb Code     0  startup_stm32l432xx.o(.text)
    CAN1_RX1_IRQHandler                      0x0800029b   Thumb Code     0  startup_stm32l432xx.o(.text)
    CAN1_SCE_IRQHandler                      0x0800029b   Thumb Code     0  startup_stm32l432xx.o(.text)
    CAN1_TX_IRQHandler                       0x0800029b   Thumb Code     0  startup_stm32l432xx.o(.text)
    COMP_IRQHandler                          0x0800029b   Thumb Code     0  startup_stm32l432xx.o(.text)
    CRS_IRQHandler                           0x0800029b   Thumb Code     0  startup_stm32l432xx.o(.text)
    DMA1_Channel1_IRQHandler                 0x0800029b   Thumb Code     0  startup_stm32l432xx.o(.text)
    DMA1_Channel2_IRQHandler                 0x0800029b   Thumb Code     0  startup_stm32l432xx.o(.text)
    DMA1_Channel3_IRQHandler                 0x0800029b   Thumb Code     0  startup_stm32l432xx.o(.text)
    DMA1_Channel4_IRQHandler                 0x0800029b   Thumb Code     0  startup_stm32l432xx.o(.text)
    DMA1_Channel5_IRQHandler                 0x0800029b   Thumb Code     0  startup_stm32l432xx.o(.text)
    DMA1_Channel6_IRQHandler                 0x0800029b   Thumb Code     0  startup_stm32l432xx.o(.text)
    DMA1_Channel7_IRQHandler                 0x0800029b   Thumb Code     0  startup_stm32l432xx.o(.text)
    DMA2_Channel1_IRQHandler                 0x0800029b   Thumb Code     0  startup_stm32l432xx.o(.text)
    DMA2_Channel2_IRQHandler                 0x0800029b   Thumb Code     0  startup_stm32l432xx.o(.text)
    DMA2_Channel3_IRQHandler                 0x0800029b   Thumb Code     0  startup_stm32l432xx.o(.text)
    DMA2_Channel4_IRQHandler                 0x0800029b   Thumb Code     0  startup_stm32l432xx.o(.text)
    DMA2_Channel5_IRQHandler                 0x0800029b   Thumb Code     0  startup_stm32l432xx.o(.text)
    DMA2_Channel6_IRQHandler                 0x0800029b   Thumb Code     0  startup_stm32l432xx.o(.text)
    DMA2_Channel7_IRQHandler                 0x0800029b   Thumb Code     0  startup_stm32l432xx.o(.text)
    EXTI0_IRQHandler                         0x0800029b   Thumb Code     0  startup_stm32l432xx.o(.text)
    EXTI15_10_IRQHandler                     0x0800029b   Thumb Code     0  startup_stm32l432xx.o(.text)
    EXTI1_IRQHandler                         0x0800029b   Thumb Code     0  startup_stm32l432xx.o(.text)
    EXTI2_IRQHandler                         0x0800029b   Thumb Code     0  startup_stm32l432xx.o(.text)
    EXTI3_IRQHandler                         0x0800029b   Thumb Code     0  startup_stm32l432xx.o(.text)
    EXTI4_IRQHandler                         0x0800029b   Thumb Code     0  startup_stm32l432xx.o(.text)
    EXTI9_5_IRQHandler                       0x0800029b   Thumb Code     0  startup_stm32l432xx.o(.text)
    FLASH_IRQHandler                         0x0800029b   Thumb Code     0  startup_stm32l432xx.o(.text)
    FPU_IRQHandler                           0x0800029b   Thumb Code     0  startup_stm32l432xx.o(.text)
    I2C1_ER_IRQHandler                       0x0800029b   Thumb Code     0  startup_stm32l432xx.o(.text)
    I2C1_EV_IRQHandler                       0x0800029b   Thumb Code     0  startup_stm32l432xx.o(.text)
    I2C3_ER_IRQHandler                       0x0800029b   Thumb Code     0  startup_stm32l432xx.o(.text)
    I2C3_EV_IRQHandler                       0x0800029b   Thumb Code     0  startup_stm32l432xx.o(.text)
    LPTIM1_IRQHandler                        0x0800029b   Thumb Code     0  startup_stm32l432xx.o(.text)
    LPTIM2_IRQHandler                        0x0800029b   Thumb Code     0  startup_stm32l432xx.o(.text)
    LPUART1_IRQHandler                       0x0800029b   Thumb Code     0  startup_stm32l432xx.o(.text)
    PVD_PVM_IRQHandler                       0x0800029b   Thumb Code     0  startup_stm32l432xx.o(.text)
    QUADSPI_IRQHandler                       0x0800029b   Thumb Code     0  startup_stm32l432xx.o(.text)
    RCC_IRQHandler                           0x0800029b   Thumb Code     0  startup_stm32l432xx.o(.text)
    RNG_IRQHandler                           0x0800029b   Thumb Code     0  startup_stm32l432xx.o(.text)
    RTC_Alarm_IRQHandler                     0x0800029b   Thumb Code     0  startup_stm32l432xx.o(.text)
    RTC_WKUP_IRQHandler                      0x0800029b   Thumb Code     0  startup_stm32l432xx.o(.text)
    SAI1_IRQHandler                          0x0800029b   Thumb Code     0  startup_stm32l432xx.o(.text)
    SPI1_IRQHandler                          0x0800029b   Thumb Code     0  startup_stm32l432xx.o(.text)
    SPI3_IRQHandler                          0x0800029b   Thumb Code     0  startup_stm32l432xx.o(.text)
    SWPMI1_IRQHandler                        0x0800029b   Thumb Code     0  startup_stm32l432xx.o(.text)
    TAMP_STAMP_IRQHandler                    0x0800029b   Thumb Code     0  startup_stm32l432xx.o(.text)
    TIM1_BRK_TIM15_IRQHandler                0x0800029b   Thumb Code     0  startup_stm32l432xx.o(.text)
    TIM1_CC_IRQHandler                       0x0800029b   Thumb Code     0  startup_stm32l432xx.o(.text)
    TIM1_TRG_COM_IRQHandler                  0x0800029b   Thumb Code     0  startup_stm32l432xx.o(.text)
    TIM2_IRQHandler                          0x0800029b   Thumb Code     0  startup_stm32l432xx.o(.text)
    TIM6_DAC_IRQHandler                      0x0800029b   Thumb Code     0  startup_stm32l432xx.o(.text)
    TIM7_IRQHandler                          0x0800029b   Thumb Code     0  startup_stm32l432xx.o(.text)
    TSC_IRQHandler                           0x0800029b   Thumb Code     0  startup_stm32l432xx.o(.text)
    USB_IRQHandler                           0x0800029b   Thumb Code     0  startup_stm32l432xx.o(.text)
    WWDG_IRQHandler                          0x0800029b   Thumb Code     0  startup_stm32l432xx.o(.text)
    __aeabi_uldivmod                         0x080002a5   Thumb Code    98  uldiv.o(.text)
    __aeabi_memcpy                           0x0800030d   Thumb Code    36  memcpya.o(.text)
    __aeabi_memcpy4                          0x0800030d   Thumb Code     0  memcpya.o(.text)
    __aeabi_memcpy8                          0x0800030d   Thumb Code     0  memcpya.o(.text)
    __aeabi_memset                           0x08000331   Thumb Code    14  memseta.o(.text)
    __aeabi_memset4                          0x08000331   Thumb Code     0  memseta.o(.text)
    __aeabi_memset8                          0x08000331   Thumb Code     0  memseta.o(.text)
    __aeabi_memclr                           0x0800033f   Thumb Code     4  memseta.o(.text)
    __aeabi_memclr4                          0x0800033f   Thumb Code     0  memseta.o(.text)
    __aeabi_memclr8                          0x0800033f   Thumb Code     0  memseta.o(.text)
    memset                                   0x08000343   Thumb Code    18  memseta.o(.text)
    strlen                                   0x08000355   Thumb Code    14  strlen.o(.text)
    __aeabi_llsl                             0x08000363   Thumb Code    30  llshl.o(.text)
    _ll_shift_l                              0x08000363   Thumb Code     0  llshl.o(.text)
    __aeabi_llsr                             0x08000381   Thumb Code    32  llushr.o(.text)
    _ll_ushift_r                             0x08000381   Thumb Code     0  llushr.o(.text)
    __scatterload                            0x080003a1   Thumb Code    28  init.o(.text)
    __scatterload_rt2                        0x080003a1   Thumb Code     0  init.o(.text)
    BusFault_Handler                         0x080003c5   Thumb Code     2  stm32l4xx_it.o(i.BusFault_Handler)
    DebugMon_Handler                         0x080003c7   Thumb Code     2  stm32l4xx_it.o(i.DebugMon_Handler)
    Dict_CMD_Queue_Init                      0x080003c9   Thumb Code    14  cmd_queue.o(i.Dict_CMD_Queue_Init)
    Dict_CMD_Queue_Pop                       0x080003d9   Thumb Code   160  cmd_queue.o(i.Dict_CMD_Queue_Pop)
    Dict_CMD_Queue_Push                      0x08000481   Thumb Code   146  cmd_queue.o(i.Dict_CMD_Queue_Push)
    DictionaryManagerTask                    0x08000519   Thumb Code   160  main.o(i.DictionaryManagerTask)
    HAL_DMA_Abort_IT                         0x08000611   Thumb Code    78  stm32l4xx_hal_dma.o(i.HAL_DMA_Abort_IT)
    HAL_GPIO_Init                            0x08000661   Thumb Code   392  stm32l4xx_hal_gpio.o(i.HAL_GPIO_Init)
    HAL_GPIO_WritePin                        0x08000803   Thumb Code    10  stm32l4xx_hal_gpio.o(i.HAL_GPIO_WritePin)
    HAL_GetTick                              0x0800080d   Thumb Code     6  stm32l4xx_hal.o(i.HAL_GetTick)
    HAL_IncTick                              0x08000819   Thumb Code    12  stm32l4xx_hal.o(i.HAL_IncTick)
    HAL_Init                                 0x08000829   Thumb Code    30  stm32l4xx_hal.o(i.HAL_Init)
    HAL_InitTick                             0x08000849   Thumb Code    98  stm32l4xx_hal_timebase_tim.o(i.HAL_InitTick)
    HAL_MspInit                              0x080008bd   Thumb Code    48  stm32l4xx_hal_msp.o(i.HAL_MspInit)
    HAL_NVIC_EnableIRQ                       0x080008f1   Thumb Code    26  stm32l4xx_hal_cortex.o(i.HAL_NVIC_EnableIRQ)
    HAL_NVIC_SetPriority                     0x0800090d   Thumb Code    60  stm32l4xx_hal_cortex.o(i.HAL_NVIC_SetPriority)
    HAL_NVIC_SetPriorityGrouping             0x0800094d   Thumb Code    26  stm32l4xx_hal_cortex.o(i.HAL_NVIC_SetPriorityGrouping)
    HAL_PWREx_ControlVoltageScaling          0x08000971   Thumb Code    90  stm32l4xx_hal_pwr_ex.o(i.HAL_PWREx_ControlVoltageScaling)
    HAL_PWREx_GetVoltageRange                0x080009d9   Thumb Code    10  stm32l4xx_hal_pwr_ex.o(i.HAL_PWREx_GetVoltageRange)
    HAL_PWR_EnableBkUpAccess                 0x080009e9   Thumb Code    12  stm32l4xx_hal_pwr.o(i.HAL_PWR_EnableBkUpAccess)
    HAL_RCCEx_EnableMSIPLLMode               0x080009f9   Thumb Code    12  stm32l4xx_hal_rcc_ex.o(i.HAL_RCCEx_EnableMSIPLLMode)
    HAL_RCCEx_PeriphCLKConfig                0x08000a09   Thumb Code   634  stm32l4xx_hal_rcc_ex.o(i.HAL_RCCEx_PeriphCLKConfig)
    HAL_RCC_ClockConfig                      0x08000c95   Thumb Code   266  stm32l4xx_hal_rcc.o(i.HAL_RCC_ClockConfig)
    HAL_RCC_GetClockConfig                   0x08000db5   Thumb Code    54  stm32l4xx_hal_rcc.o(i.HAL_RCC_GetClockConfig)
    HAL_RCC_GetPCLK1Freq                     0x08000df5   Thumb Code    24  stm32l4xx_hal_rcc.o(i.HAL_RCC_GetPCLK1Freq)
    HAL_RCC_GetPCLK2Freq                     0x08000e19   Thumb Code    24  stm32l4xx_hal_rcc.o(i.HAL_RCC_GetPCLK2Freq)
    HAL_RCC_GetSysClockFreq                  0x08000e3d   Thumb Code   150  stm32l4xx_hal_rcc.o(i.HAL_RCC_GetSysClockFreq)
    HAL_RCC_OscConfig                        0x08000ee1   Thumb Code  1382  stm32l4xx_hal_rcc.o(i.HAL_RCC_OscConfig)
    HAL_TIMEx_Break2Callback                 0x0800144d   Thumb Code     2  stm32l4xx_hal_tim_ex.o(i.HAL_TIMEx_Break2Callback)
    HAL_TIMEx_BreakCallback                  0x0800144f   Thumb Code     2  stm32l4xx_hal_tim_ex.o(i.HAL_TIMEx_BreakCallback)
    HAL_TIMEx_CommutCallback                 0x08001451   Thumb Code     2  stm32l4xx_hal_tim_ex.o(i.HAL_TIMEx_CommutCallback)
    HAL_TIM_Base_Init                        0x08001453   Thumb Code    54  stm32l4xx_hal_tim.o(i.HAL_TIM_Base_Init)
    HAL_TIM_Base_MspInit                     0x08001489   Thumb Code     2  stm32l4xx_hal_tim.o(i.HAL_TIM_Base_MspInit)
    HAL_TIM_Base_Start_IT                    0x0800148d   Thumb Code    40  stm32l4xx_hal_tim.o(i.HAL_TIM_Base_Start_IT)
    HAL_TIM_IC_CaptureCallback               0x080014b9   Thumb Code     2  stm32l4xx_hal_tim.o(i.HAL_TIM_IC_CaptureCallback)
    HAL_TIM_IRQHandler                       0x080014bb   Thumb Code   388  stm32l4xx_hal_tim.o(i.HAL_TIM_IRQHandler)
    HAL_TIM_OC_DelayElapsedCallback          0x0800163f   Thumb Code     2  stm32l4xx_hal_tim.o(i.HAL_TIM_OC_DelayElapsedCallback)
    HAL_TIM_PWM_PulseFinishedCallback        0x08001641   Thumb Code     2  stm32l4xx_hal_tim.o(i.HAL_TIM_PWM_PulseFinishedCallback)
    HAL_TIM_PeriodElapsedCallback            0x08001645   Thumb Code    14  main.o(i.HAL_TIM_PeriodElapsedCallback)
    HAL_TIM_TriggerCallback                  0x08001659   Thumb Code     2  stm32l4xx_hal_tim.o(i.HAL_TIM_TriggerCallback)
    HAL_UARTEx_WakeupCallback                0x0800165b   Thumb Code     2  stm32l4xx_hal_uart_ex.o(i.HAL_UARTEx_WakeupCallback)
    HAL_UART_ErrorCallback                   0x0800165d   Thumb Code     2  stm32l4xx_hal_uart.o(i.HAL_UART_ErrorCallback)
    HAL_UART_IRQHandler                      0x08001661   Thumb Code   348  stm32l4xx_hal_uart.o(i.HAL_UART_IRQHandler)
    HAL_UART_Init                            0x080017c1   Thumb Code   102  stm32l4xx_hal_uart.o(i.HAL_UART_Init)
    HAL_UART_MspInit                         0x08001829   Thumb Code   196  stm32l4xx_hal_msp.o(i.HAL_UART_MspInit)
    HAL_UART_Receive                         0x080018f9   Thumb Code   238  stm32l4xx_hal_uart.o(i.HAL_UART_Receive)
    HAL_UART_Receive_IT                      0x080019ed   Thumb Code   164  stm32l4xx_hal_uart.o(i.HAL_UART_Receive_IT)
    HAL_UART_RxCpltCallback                  0x08001a99   Thumb Code    90  main.o(i.HAL_UART_RxCpltCallback)
    HAL_UART_Transmit                        0x08001b01   Thumb Code   182  stm32l4xx_hal_uart.o(i.HAL_UART_Transmit)
    HAL_UART_TxCpltCallback                  0x08001bb7   Thumb Code     2  stm32l4xx_hal_uart.o(i.HAL_UART_TxCpltCallback)
    HardFault_Handler                        0x08001bb9   Thumb Code     2  stm32l4xx_it.o(i.HardFault_Handler)
    MemManage_Handler                        0x08001c81   Thumb Code     2  stm32l4xx_it.o(i.MemManage_Handler)
    NMI_Handler                              0x08001c83   Thumb Code     2  stm32l4xx_it.o(i.NMI_Handler)
    Pkt_Queue_Init                           0x08001c85   Thumb Code    14  pkt_queue.o(i.Pkt_Queue_Init)
    Pkt_Queue_Pop                            0x08001c93   Thumb Code   106  pkt_queue.o(i.Pkt_Queue_Pop)
    Pkt_Queue_Push                           0x08001cfd   Thumb Code   114  pkt_queue.o(i.Pkt_Queue_Push)
    StartDefaultTask                         0x08001f19   Thumb Code   146  main.o(i.StartDefaultTask)
    SysTick_Handler                          0x08001fb1   Thumb Code    38  port.o(i.SysTick_Handler)
    SystemClock_Config                       0x08001fdd   Thumb Code   138  main.o(i.SystemClock_Config)
    SystemInit                               0x0800206d   Thumb Code    56  system_stm32l4xx.o(i.SystemInit)
    TIM1_UP_TIM16_IRQHandler                 0x080020b1   Thumb Code     6  stm32l4xx_it.o(i.TIM1_UP_TIM16_IRQHandler)
    TIM_Base_SetConfig                       0x080020bd   Thumb Code    94  stm32l4xx_hal_tim.o(i.TIM_Base_SetConfig)
    UART_AdvFeatureConfig                    0x08002129   Thumb Code   200  stm32l4xx_hal_uart.o(i.UART_AdvFeatureConfig)
    UART_CheckIdleState                      0x080021f1   Thumb Code    88  stm32l4xx_hal_uart.o(i.UART_CheckIdleState)
    UART_SEND                                0x08002331   Thumb Code    82  main.o(i.UART_SEND)
    UART_SetConfig                           0x08002391   Thumb Code   516  stm32l4xx_hal_uart.o(i.UART_SetConfig)
    UART_WaitOnFlagUntilTimeout              0x080025b9   Thumb Code   164  stm32l4xx_hal_uart.o(i.UART_WaitOnFlagUntilTimeout)
    USART1_IRQHandler                        0x0800265d   Thumb Code     6  stm32l4xx_it.o(i.USART1_IRQHandler)
    USART2_IRQHandler                        0x08002669   Thumb Code     6  stm32l4xx_it.o(i.USART2_IRQHandler)
    UsageFault_Handler                       0x08002675   Thumb Code     2  stm32l4xx_it.o(i.UsageFault_Handler)
    __0snprintf$2                            0x08002679   Thumb Code    44  printf2.o(i.__0snprintf$2)
    __1snprintf$2                            0x08002679   Thumb Code     0  printf2.o(i.__0snprintf$2)
    __2snprintf                              0x08002679   Thumb Code     0  printf2.o(i.__0snprintf$2)
    __scatterload_copy                       0x080026c9   Thumb Code    14  handlers.o(i.__scatterload_copy)
    __scatterload_null                       0x080026d7   Thumb Code     2  handlers.o(i.__scatterload_null)
    __scatterload_zeroinit                   0x080026d9   Thumb Code    14  handlers.o(i.__scatterload_zeroinit)
    addDict                                  0x080027d9   Thumb Code   112  dict.o(i.addDict)
    char2Indx                                0x08002849   Thumb Code    26  dict.o(i.char2Indx)
    checkAlpha                               0x08002863   Thumb Code    22  dict.o(i.checkAlpha)
    checkAnyLetterInTrieNode                 0x08002879   Thumb Code    10  dict.o(i.checkAnyLetterInTrieNode)
    checkDict                                0x08002883   Thumb Code    52  dict.o(i.checkDict)
    checkLetterInTrieNode                    0x080028b7   Thumb Code    28  dict.o(i.checkLetterInTrieNode)
    free                                     0x080028d5   Thumb Code    76  malloc.o(i.free)
    initDict                                 0x08002931   Thumb Code    20  dict.o(i.initDict)
    lowerCaseify                             0x08002945   Thumb Code    10  dict.o(i.lowerCaseify)
    main                                     0x08002951   Thumb Code   134  main.o(i.main)
    malloc                                   0x080029f1   Thumb Code    92  malloc.o(i.malloc)
    markLetterInTrieNode                     0x08002a5d   Thumb Code    22  dict.o(i.markLetterInTrieNode)
    newTrieNode                              0x08002a73   Thumb Code    14  trie.o(i.newTrieNode)
    osKernelStart                            0x08002a81   Thumb Code    10  cmsis_os.o(i.osKernelStart)
    osMutexCreate                            0x08002a8b   Thumb Code    16  cmsis_os.o(i.osMutexCreate)
    osMutexRelease                           0x08002a9d   Thumb Code    74  cmsis_os.o(i.osMutexRelease)
    osMutexWait                              0x08002aed   Thumb Code    96  cmsis_os.o(i.osMutexWait)
    osSignalSet                              0x08002b51   Thumb Code    86  cmsis_os.o(i.osSignalSet)
    osSignalWait                             0x08002bad   Thumb Code    86  cmsis_os.o(i.osSignalWait)
    osThreadCreate                           0x08002c03   Thumb Code    84  cmsis_os.o(i.osThreadCreate)
    osThreadYield                            0x08002c59   Thumb Code    20  cmsis_os.o(i.osThreadYield)
    pvPortMalloc                             0x08003101   Thumb Code   210  heap_4.o(i.pvPortMalloc)
    pvTaskIncrementMutexHeldCount            0x080031d9   Thumb Code    18  tasks.o(i.pvTaskIncrementMutexHeldCount)
    pxPortInitialiseStack                    0x080031f1   Thumb Code    40  port.o(i.pxPortInitialiseStack)
    removeDict                               0x0800321d   Thumb Code   228  dict.o(i.removeDict)
    toUpper                                  0x08003301   Thumb Code    28  main.o(i.toUpper)
    unmarkLetterInTrieNode                   0x0800331d   Thumb Code    22  dict.o(i.unmarkLetterInTrieNode)
    uxListRemove                             0x08003333   Thumb Code    38  list.o(i.uxListRemove)
    vApplicationGetIdleTaskMemory            0x08003359   Thumb Code    16  freertos.o(i.vApplicationGetIdleTaskMemory)
    vListInitialise                          0x0800336d   Thumb Code    22  list.o(i.vListInitialise)
    vListInitialiseItem                      0x08003383   Thumb Code     6  list.o(i.vListInitialiseItem)
    vListInsert                              0x08003389   Thumb Code    48  list.o(i.vListInsert)
    vListInsertEnd                           0x080033b9   Thumb Code    24  list.o(i.vListInsertEnd)
    vPortEnterCritical                       0x080033d1   Thumb Code    54  port.o(i.vPortEnterCritical)
    vPortExitCritical                        0x08003411   Thumb Code    34  port.o(i.vPortExitCritical)
    vPortFree                                0x08003439   Thumb Code    88  heap_4.o(i.vPortFree)
    vPortSetupTimerInterrupt                 0x08003495   Thumb Code    32  port.o(i.vPortSetupTimerInterrupt)
    vPortValidateInterruptPriority           0x080034b9   Thumb Code    74  port.o(i.vPortValidateInterruptPriority)
    vTaskInternalSetTimeOutState             0x0800350d   Thumb Code    12  tasks.o(i.vTaskInternalSetTimeOutState)
    vTaskMissedYield                         0x0800351d   Thumb Code     8  tasks.o(i.vTaskMissedYield)
    vTaskPlaceOnEventList                    0x08003529   Thumb Code    44  tasks.o(i.vTaskPlaceOnEventList)
    vTaskPriorityDisinheritAfterTimeout      0x08003559   Thumb Code   160  tasks.o(i.vTaskPriorityDisinheritAfterTimeout)
    vTaskStartScheduler                      0x08003601   Thumb Code    90  tasks.o(i.vTaskStartScheduler)
    vTaskSuspendAll                          0x0800366d   Thumb Code    10  tasks.o(i.vTaskSuspendAll)
    vTaskSwitchContext                       0x0800367d   Thumb Code    82  tasks.o(i.vTaskSwitchContext)
    xPortStartScheduler                      0x080036d9   Thumb Code   222  port.o(i.xPortStartScheduler)
    xQueueCreateMutex                        0x080037cd   Thumb Code    22  queue.o(i.xQueueCreateMutex)
    xQueueCreateMutexStatic                  0x080037e3   Thumb Code    26  queue.o(i.xQueueCreateMutexStatic)
    xQueueGenericCreate                      0x080037fd   Thumb Code    72  queue.o(i.xQueueGenericCreate)
    xQueueGenericCreateStatic                0x08003845   Thumb Code   102  queue.o(i.xQueueGenericCreateStatic)
    xQueueGenericReset                       0x080038ad   Thumb Code   132  queue.o(i.xQueueGenericReset)
    xQueueGenericSend                        0x08003935   Thumb Code   346  queue.o(i.xQueueGenericSend)
    xQueueGiveFromISR                        0x08003a95   Thumb Code   156  queue.o(i.xQueueGiveFromISR)
    xQueueReceiveFromISR                     0x08003b31   Thumb Code   154  queue.o(i.xQueueReceiveFromISR)
    xQueueSemaphoreTake                      0x08003bcd   Thumb Code   372  queue.o(i.xQueueSemaphoreTake)
    xTaskCheckForTimeOut                     0x08003d45   Thumb Code   112  tasks.o(i.xTaskCheckForTimeOut)
    xTaskCreate                              0x08003db9   Thumb Code    90  tasks.o(i.xTaskCreate)
    xTaskCreateStatic                        0x08003e19   Thumb Code    86  tasks.o(i.xTaskCreateStatic)
    xTaskGenericNotify                       0x08003e71   Thumb Code   212  tasks.o(i.xTaskGenericNotify)
    xTaskGenericNotifyFromISR                0x08003f51   Thumb Code   250  tasks.o(i.xTaskGenericNotifyFromISR)
    xTaskGetSchedulerState                   0x08004055   Thumb Code    22  tasks.o(i.xTaskGetSchedulerState)
    xTaskIncrementTick                       0x08004071   Thumb Code   192  tasks.o(i.xTaskIncrementTick)
    xTaskNotifyWait                          0x08004139   Thumb Code   130  tasks.o(i.xTaskNotifyWait)
    xTaskPriorityDisinherit                  0x080041c5   Thumb Code   144  tasks.o(i.xTaskPriorityDisinherit)
    xTaskPriorityInherit                     0x0800425d   Thumb Code   138  tasks.o(i.xTaskPriorityInherit)
    xTaskRemoveFromEventList                 0x080042f1   Thumb Code   108  tasks.o(i.xTaskRemoveFromEventList)
    xTaskResumeAll                           0x08004365   Thumb Code   182  tasks.o(i.xTaskResumeAll)
    AHBPrescTable                            0x08004460   Data          16  system_stm32l4xx.o(.constdata)
    MSIRangeTable                            0x08004470   Data          48  system_stm32l4xx.o(.constdata)
    APBPrescTable                            0x080044a0   Data           8  system_stm32l4xx.o(.constdata)
    Region$$Table$$Base                      0x080044c8   Number         0  anon$$obj.o(Region$$Table)
    Region$$Table$$Limit                     0x080044e8   Number         0  anon$$obj.o(Region$$Table)
    defaultTaskHandle                        0x20000000   Data           4  main.o(.data)
    cmdQueueLock                             0x20000004   Data           4  main.o(.data)
    DictionaryManagerHandle                  0x20000008   Data           4  main.o(.data)
    Pkt_buffer                               0x2000000c   Data           4  main.o(.data)
    Dict_CMD_buffer                          0x20000010   Data           4  main.o(.data)
    wordDict                                 0x20000014   Data           4  main.o(.data)
    uwTickPrio                               0x20000018   Data           4  stm32l4xx_hal.o(.data)
    uwTickFreq                               0x2000001c   Data           4  stm32l4xx_hal.o(.data)
    uwTick                                   0x20000020   Data           4  stm32l4xx_hal.o(.data)
    SystemCoreClock                          0x20000024   Data           4  system_stm32l4xx.o(.data)
    pxCurrentTCB                             0x20000028   Data           4  tasks.o(.data)
    __microlib_freelist                      0x20000088   Data           4  mvars.o(.data)
    __microlib_freelist_initialised          0x2000008c   Data           4  mvars.o(.data)
    huart1                                   0x20000090   Data         128  main.o(.bss)
    huart2                                   0x20000110   Data         128  main.o(.bss)
    currentPkt                               0x20000190   Data          12  main.o(.bss)
    Tx_buffer                                0x2000019c   Data          20  main.o(.bss)
    htim1                                    0x20000404   Data          64  stm32l4xx_hal_timebase_tim.o(.bss)
    __heap_base                              0x200010f0   Data           0  startup_stm32l432xx.o(HEAP)
    __heap_limit                             0x200020f0   Data           0  startup_stm32l432xx.o(HEAP)
    __initial_sp                             0x200024f0   Data           0  startup_stm32l432xx.o(STACK)



==============================================================================

Memory Map of the image

  Image Entry point : 0x0800018d

  Load Region LR_IROM1 (Base: 0x08000000, Size: 0x00004578, Max: 0x00040000, ABSOLUTE)

    Execution Region ER_IROM1 (Exec base: 0x08000000, Load base: 0x08000000, Size: 0x000044e8, Max: 0x00040000, ABSOLUTE)

    Exec Addr    Load Addr    Size         Type   Attr      Idx    E Section Name        Object

    0x08000000   0x08000000   0x0000018c   Data   RO            3    RESET               startup_stm32l432xx.o
    0x0800018c   0x0800018c   0x00000000   Code   RO         5273  * .ARM.Collect$$$$00000000  mc_w.l(entry.o)
    0x0800018c   0x0800018c   0x00000004   Code   RO         5577    .ARM.Collect$$$$00000001  mc_w.l(entry2.o)
    0x08000190   0x08000190   0x00000004   Code   RO         5580    .ARM.Collect$$$$00000004  mc_w.l(entry5.o)
    0x08000194   0x08000194   0x00000000   Code   RO         5582    .ARM.Collect$$$$00000008  mc_w.l(entry7b.o)
    0x08000194   0x08000194   0x00000000   Code   RO         5584    .ARM.Collect$$$$0000000A  mc_w.l(entry8b.o)
    0x08000194   0x08000194   0x00000008   Code   RO         5585    .ARM.Collect$$$$0000000B  mc_w.l(entry9a.o)
    0x0800019c   0x0800019c   0x00000000   Code   RO         5587    .ARM.Collect$$$$0000000D  mc_w.l(entry10a.o)
    0x0800019c   0x0800019c   0x00000000   Code   RO         5589    .ARM.Collect$$$$0000000F  mc_w.l(entry11a.o)
    0x0800019c   0x0800019c   0x00000004   Code   RO         5578    .ARM.Collect$$$$00002712  mc_w.l(entry2.o)
    0x080001a0   0x080001a0   0x000000de   Code   RO         5196    .emb_text           port.o
    0x0800027e   0x0800027e   0x00000002   PAD
    0x08000280   0x08000280   0x00000024   Code   RO            4    .text               startup_stm32l432xx.o
    0x080002a4   0x080002a4   0x00000068   Code   RO         5276    .text               mc_w.l(uldiv.o)
    0x0800030c   0x0800030c   0x00000024   Code   RO         5278    .text               mc_w.l(memcpya.o)
    0x08000330   0x08000330   0x00000024   Code   RO         5282    .text               mc_w.l(memseta.o)
    0x08000354   0x08000354   0x0000000e   Code   RO         5284    .text               mc_w.l(strlen.o)
    0x08000362   0x08000362   0x0000001e   Code   RO         5596    .text               mc_w.l(llshl.o)
    0x08000380   0x08000380   0x00000020   Code   RO         5598    .text               mc_w.l(llushr.o)
    0x080003a0   0x080003a0   0x00000024   Code   RO         5613    .text               mc_w.l(init.o)
    0x080003c4   0x080003c4   0x00000002   Code   RO          495    i.BusFault_Handler  stm32l4xx_it.o
    0x080003c6   0x080003c6   0x00000002   Code   RO          496    i.DebugMon_Handler  stm32l4xx_it.o
    0x080003c8   0x080003c8   0x0000000e   Code   RO          157    i.Dict_CMD_Queue_Init  cmd_queue.o
    0x080003d6   0x080003d6   0x00000002   PAD
    0x080003d8   0x080003d8   0x000000a8   Code   RO          158    i.Dict_CMD_Queue_Pop  cmd_queue.o
    0x08000480   0x08000480   0x00000098   Code   RO          159    i.Dict_CMD_Queue_Push  cmd_queue.o
    0x08000518   0x08000518   0x000000f8   Code   RO          230    i.DictionaryManagerTask  main.o
    0x08000610   0x08000610   0x0000004e   Code   RO         1921    i.HAL_DMA_Abort_IT  stm32l4xx_hal_dma.o
    0x0800065e   0x0800065e   0x00000002   PAD
    0x08000660   0x08000660   0x000001a2   Code   RO         1856    i.HAL_GPIO_Init     stm32l4xx_hal_gpio.o
    0x08000802   0x08000802   0x0000000a   Code   RO         1860    i.HAL_GPIO_WritePin  stm32l4xx_hal_gpio.o
    0x0800080c   0x0800080c   0x0000000c   Code   RO          657    i.HAL_GetTick       stm32l4xx_hal.o
    0x08000818   0x08000818   0x00000010   Code   RO          663    i.HAL_IncTick       stm32l4xx_hal.o
    0x08000828   0x08000828   0x0000001e   Code   RO          664    i.HAL_Init          stm32l4xx_hal.o
    0x08000846   0x08000846   0x00000002   PAD
    0x08000848   0x08000848   0x00000074   Code   RO          607    i.HAL_InitTick      stm32l4xx_hal_timebase_tim.o
    0x080008bc   0x080008bc   0x00000034   Code   RO          571    i.HAL_MspInit       stm32l4xx_hal_msp.o
    0x080008f0   0x080008f0   0x0000001a   Code   RO         2373    i.HAL_NVIC_EnableIRQ  stm32l4xx_hal_cortex.o
    0x0800090a   0x0800090a   0x00000002   PAD
    0x0800090c   0x0800090c   0x00000040   Code   RO         2379    i.HAL_NVIC_SetPriority  stm32l4xx_hal_cortex.o
    0x0800094c   0x0800094c   0x00000024   Code   RO         2380    i.HAL_NVIC_SetPriorityGrouping  stm32l4xx_hal_cortex.o
    0x08000970   0x08000970   0x00000068   Code   RO         2147    i.HAL_PWREx_ControlVoltageScaling  stm32l4xx_hal_pwr_ex.o
    0x080009d8   0x080009d8   0x00000010   Code   RO         2174    i.HAL_PWREx_GetVoltageRange  stm32l4xx_hal_pwr_ex.o
    0x080009e8   0x080009e8   0x00000010   Code   RO         2039    i.HAL_PWR_EnableBkUpAccess  stm32l4xx_hal_pwr.o
    0x080009f8   0x080009f8   0x00000010   Code   RO         1483    i.HAL_RCCEx_EnableMSIPLLMode  stm32l4xx_hal_rcc_ex.o
    0x08000a08   0x08000a08   0x0000028a   Code   RO         1489    i.HAL_RCCEx_PeriphCLKConfig  stm32l4xx_hal_rcc_ex.o
    0x08000c92   0x08000c92   0x00000002   PAD
    0x08000c94   0x08000c94   0x00000120   Code   RO         1367    i.HAL_RCC_ClockConfig  stm32l4xx_hal_rcc.o
    0x08000db4   0x08000db4   0x00000040   Code   RO         1370    i.HAL_RCC_GetClockConfig  stm32l4xx_hal_rcc.o
    0x08000df4   0x08000df4   0x00000024   Code   RO         1373    i.HAL_RCC_GetPCLK1Freq  stm32l4xx_hal_rcc.o
    0x08000e18   0x08000e18   0x00000024   Code   RO         1374    i.HAL_RCC_GetPCLK2Freq  stm32l4xx_hal_rcc.o
    0x08000e3c   0x08000e3c   0x000000a4   Code   RO         1375    i.HAL_RCC_GetSysClockFreq  stm32l4xx_hal_rcc.o
    0x08000ee0   0x08000ee0   0x0000056c   Code   RO         1378    i.HAL_RCC_OscConfig  stm32l4xx_hal_rcc.o
    0x0800144c   0x0800144c   0x00000002   Code   RO         3262    i.HAL_TIMEx_Break2Callback  stm32l4xx_hal_tim_ex.o
    0x0800144e   0x0800144e   0x00000002   Code   RO         3263    i.HAL_TIMEx_BreakCallback  stm32l4xx_hal_tim_ex.o
    0x08001450   0x08001450   0x00000002   Code   RO         3264    i.HAL_TIMEx_CommutCallback  stm32l4xx_hal_tim_ex.o
    0x08001452   0x08001452   0x00000036   Code   RO         2577    i.HAL_TIM_Base_Init  stm32l4xx_hal_tim.o
    0x08001488   0x08001488   0x00000002   Code   RO         2579    i.HAL_TIM_Base_MspInit  stm32l4xx_hal_tim.o
    0x0800148a   0x0800148a   0x00000002   PAD
    0x0800148c   0x0800148c   0x0000002c   Code   RO         2582    i.HAL_TIM_Base_Start_IT  stm32l4xx_hal_tim.o
    0x080014b8   0x080014b8   0x00000002   Code   RO         2606    i.HAL_TIM_IC_CaptureCallback  stm32l4xx_hal_tim.o
    0x080014ba   0x080014ba   0x00000184   Code   RO         2620    i.HAL_TIM_IRQHandler  stm32l4xx_hal_tim.o
    0x0800163e   0x0800163e   0x00000002   Code   RO         2623    i.HAL_TIM_OC_DelayElapsedCallback  stm32l4xx_hal_tim.o
    0x08001640   0x08001640   0x00000002   Code   RO         2650    i.HAL_TIM_PWM_PulseFinishedCallback  stm32l4xx_hal_tim.o
    0x08001642   0x08001642   0x00000002   PAD
    0x08001644   0x08001644   0x00000014   Code   RO          232    i.HAL_TIM_PeriodElapsedCallback  main.o
    0x08001658   0x08001658   0x00000002   Code   RO         2663    i.HAL_TIM_TriggerCallback  stm32l4xx_hal_tim.o
    0x0800165a   0x0800165a   0x00000002   Code   RO         3912    i.HAL_UARTEx_WakeupCallback  stm32l4xx_hal_uart_ex.o
    0x0800165c   0x0800165c   0x00000002   Code   RO         3555    i.HAL_UART_ErrorCallback  stm32l4xx_hal_uart.o
    0x0800165e   0x0800165e   0x00000002   PAD
    0x08001660   0x08001660   0x00000160   Code   RO         3558    i.HAL_UART_IRQHandler  stm32l4xx_hal_uart.o
    0x080017c0   0x080017c0   0x00000066   Code   RO         3559    i.HAL_UART_Init     stm32l4xx_hal_uart.o
    0x08001826   0x08001826   0x00000002   PAD
    0x08001828   0x08001828   0x000000d0   Code   RO          573    i.HAL_UART_MspInit  stm32l4xx_hal_msp.o
    0x080018f8   0x080018f8   0x000000f4   Code   RO         3562    i.HAL_UART_Receive  stm32l4xx_hal_uart.o
    0x080019ec   0x080019ec   0x000000ac   Code   RO         3564    i.HAL_UART_Receive_IT  stm32l4xx_hal_uart.o
    0x08001a98   0x08001a98   0x00000068   Code   RO          233    i.HAL_UART_RxCpltCallback  main.o
    0x08001b00   0x08001b00   0x000000b6   Code   RO         3568    i.HAL_UART_Transmit  stm32l4xx_hal_uart.o
    0x08001bb6   0x08001bb6   0x00000002   Code   RO         3571    i.HAL_UART_TxCpltCallback  stm32l4xx_hal_uart.o
    0x08001bb8   0x08001bb8   0x00000002   Code   RO          497    i.HardFault_Handler  stm32l4xx_it.o
    0x08001bba   0x08001bba   0x00000002   PAD
    0x08001bbc   0x08001bbc   0x0000006c   Code   RO          234    i.MX_GPIO_Init      main.o
    0x08001c28   0x08001c28   0x0000002c   Code   RO          235    i.MX_USART1_UART_Init  main.o
    0x08001c54   0x08001c54   0x0000002c   Code   RO          236    i.MX_USART2_UART_Init  main.o
    0x08001c80   0x08001c80   0x00000002   Code   RO          498    i.MemManage_Handler  stm32l4xx_it.o
    0x08001c82   0x08001c82   0x00000002   Code   RO          499    i.NMI_Handler       stm32l4xx_it.o
    0x08001c84   0x08001c84   0x0000000e   Code   RO          203    i.Pkt_Queue_Init    pkt_queue.o
    0x08001c92   0x08001c92   0x0000006a   Code   RO          204    i.Pkt_Queue_Pop     pkt_queue.o
    0x08001cfc   0x08001cfc   0x00000072   Code   RO          205    i.Pkt_Queue_Push    pkt_queue.o
    0x08001d6e   0x08001d6e   0x00000002   PAD
    0x08001d70   0x08001d70   0x0000012c   Code   RO         1493    i.RCCEx_PLLSAI1_Config  stm32l4xx_hal_rcc_ex.o
    0x08001e9c   0x08001e9c   0x0000007c   Code   RO         1379    i.RCC_SetFlashLatencyFromMSIRange  stm32l4xx_hal_rcc.o
    0x08001f18   0x08001f18   0x00000098   Code   RO          237    i.StartDefaultTask  main.o
    0x08001fb0   0x08001fb0   0x0000002c   Code   RO         5197    i.SysTick_Handler   port.o
    0x08001fdc   0x08001fdc   0x00000090   Code   RO          238    i.SystemClock_Config  main.o
    0x0800206c   0x0800206c   0x00000044   Code   RO         3972    i.SystemInit        system_stm32l4xx.o
    0x080020b0   0x080020b0   0x0000000c   Code   RO          500    i.TIM1_UP_TIM16_IRQHandler  stm32l4xx_it.o
    0x080020bc   0x080020bc   0x0000006c   Code   RO         2665    i.TIM_Base_SetConfig  stm32l4xx_hal_tim.o
    0x08002128   0x08002128   0x000000c8   Code   RO         3573    i.UART_AdvFeatureConfig  stm32l4xx_hal_uart.o
    0x080021f0   0x080021f0   0x00000058   Code   RO         3574    i.UART_CheckIdleState  stm32l4xx_hal_uart.o
    0x08002248   0x08002248   0x00000014   Code   RO         3575    i.UART_DMAAbortOnError  stm32l4xx_hal_uart.o
    0x0800225c   0x0800225c   0x0000001e   Code   RO         3585    i.UART_EndRxTransfer  stm32l4xx_hal_uart.o
    0x0800227a   0x0800227a   0x0000005a   Code   RO         3587    i.UART_RxISR_16BIT  stm32l4xx_hal_uart.o
    0x080022d4   0x080022d4   0x0000005a   Code   RO         3588    i.UART_RxISR_8BIT   stm32l4xx_hal_uart.o
    0x0800232e   0x0800232e   0x00000002   PAD
    0x08002330   0x08002330   0x00000060   Code   RO          239    i.UART_SEND         main.o
    0x08002390   0x08002390   0x00000228   Code   RO         3589    i.UART_SetConfig    stm32l4xx_hal_uart.o
    0x080025b8   0x080025b8   0x000000a4   Code   RO         3592    i.UART_WaitOnFlagUntilTimeout  stm32l4xx_hal_uart.o
    0x0800265c   0x0800265c   0x0000000c   Code   RO          501    i.USART1_IRQHandler  stm32l4xx_it.o
    0x08002668   0x08002668   0x0000000c   Code   RO          502    i.USART2_IRQHandler  stm32l4xx_it.o
    0x08002674   0x08002674   0x00000002   Code   RO          503    i.UsageFault_Handler  stm32l4xx_it.o
    0x08002676   0x08002676   0x00000002   PAD
    0x08002678   0x08002678   0x00000030   Code   RO         5356    i.__0snprintf$2     mc_w.l(printf2.o)
    0x080026a8   0x080026a8   0x00000020   Code   RO         2386    i.__NVIC_SetPriority  stm32l4xx_hal_cortex.o
    0x080026c8   0x080026c8   0x0000000e   Code   RO         5623    i.__scatterload_copy  mc_w.l(handlers.o)
    0x080026d6   0x080026d6   0x00000002   Code   RO         5624    i.__scatterload_null  mc_w.l(handlers.o)
    0x080026d8   0x080026d8   0x0000000e   Code   RO         5625    i.__scatterload_zeroinit  mc_w.l(handlers.o)
    0x080026e6   0x080026e6   0x000000dc   Code   RO         5362    i._printf_core      mc_w.l(printf2.o)
    0x080027c2   0x080027c2   0x00000016   Code   RO         5363    i._snputc           mc_w.l(printf2.o)
    0x080027d8   0x080027d8   0x00000070   Code   RO           10    i.addDict           dict.o
    0x08002848   0x08002848   0x0000001a   Code   RO           11    i.char2Indx         dict.o
    0x08002862   0x08002862   0x00000016   Code   RO           12    i.checkAlpha        dict.o
    0x08002878   0x08002878   0x0000000a   Code   RO           13    i.checkAnyLetterInTrieNode  dict.o
    0x08002882   0x08002882   0x00000034   Code   RO           14    i.checkDict         dict.o
    0x080028b6   0x080028b6   0x0000001c   Code   RO           15    i.checkLetterInTrieNode  dict.o
    0x080028d2   0x080028d2   0x00000002   PAD
    0x080028d4   0x080028d4   0x00000050   Code   RO         5549    i.free              mc_w.l(malloc.o)
    0x08002924   0x08002924   0x0000000c   Code   RO         4778    i.inHandlerMode     cmsis_os.o
    0x08002930   0x08002930   0x00000014   Code   RO           16    i.initDict          dict.o
    0x08002944   0x08002944   0x0000000a   Code   RO           17    i.lowerCaseify      dict.o
    0x0800294e   0x0800294e   0x00000002   PAD
    0x08002950   0x08002950   0x00000094   Code   RO          240    i.main              main.o
    0x080029e4   0x080029e4   0x0000000c   Code   RO         4780    i.makeFreeRtosPriority  cmsis_os.o
    0x080029f0   0x080029f0   0x0000006c   Code   RO         5550    i.malloc            mc_w.l(malloc.o)
    0x08002a5c   0x08002a5c   0x00000016   Code   RO           18    i.markLetterInTrieNode  dict.o
    0x08002a72   0x08002a72   0x0000000e   Code   RO          140    i.newTrieNode       trie.o
    0x08002a80   0x08002a80   0x0000000a   Code   RO         4785    i.osKernelStart     cmsis_os.o
    0x08002a8a   0x08002a8a   0x00000010   Code   RO         4800    i.osMutexCreate     cmsis_os.o
    0x08002a9a   0x08002a9a   0x00000002   PAD
    0x08002a9c   0x08002a9c   0x00000050   Code   RO         4802    i.osMutexRelease    cmsis_os.o
    0x08002aec   0x08002aec   0x00000064   Code   RO         4803    i.osMutexWait       cmsis_os.o
    0x08002b50   0x08002b50   0x0000005c   Code   RO         4816    i.osSignalSet       cmsis_os.o
    0x08002bac   0x08002bac   0x00000056   Code   RO         4817    i.osSignalWait      cmsis_os.o
    0x08002c02   0x08002c02   0x00000054   Code   RO         4819    i.osThreadCreate    cmsis_os.o
    0x08002c56   0x08002c56   0x00000002   PAD
    0x08002c58   0x08002c58   0x00000018   Code   RO         4829    i.osThreadYield     cmsis_os.o
    0x08002c70   0x08002c70   0x00000070   Code   RO         4474    i.prvAddCurrentTaskToDelayedList  tasks.o
    0x08002ce0   0x08002ce0   0x000000d0   Code   RO         4475    i.prvAddNewTaskToReadyList  tasks.o
    0x08002db0   0x08002db0   0x00000026   Code   RO         4138    i.prvCopyDataFromQueue  queue.o
    0x08002dd6   0x08002dd6   0x0000006c   Code   RO         4139    i.prvCopyDataToQueue  queue.o
    0x08002e42   0x08002e42   0x00000034   Code   RO         4476    i.prvDeleteTCB      tasks.o
    0x08002e76   0x08002e76   0x00000002   PAD
    0x08002e78   0x08002e78   0x00000048   Code   RO         5135    i.prvHeapInit       heap_4.o
    0x08002ec0   0x08002ec0   0x00000060   Code   RO         4477    i.prvIdleTask       tasks.o
    0x08002f20   0x08002f20   0x00000016   Code   RO         4140    i.prvInitialiseMutex  queue.o
    0x08002f36   0x08002f36   0x00000016   Code   RO         4141    i.prvInitialiseNewQueue  queue.o
    0x08002f4c   0x08002f4c   0x00000098   Code   RO         4478    i.prvInitialiseNewTask  tasks.o
    0x08002fe4   0x08002fe4   0x0000004c   Code   RO         5136    i.prvInsertBlockIntoFreeList  heap_4.o
    0x08003030   0x08003030   0x0000001c   Code   RO         4142    i.prvIsQueueEmpty   queue.o
    0x0800304c   0x0800304c   0x00000020   Code   RO         4479    i.prvResetNextTaskUnblockTime  tasks.o
    0x0800306c   0x0800306c   0x00000028   Code   RO         5198    i.prvTaskExitError  port.o
    0x08003094   0x08003094   0x0000006a   Code   RO         4143    i.prvUnlockQueue    queue.o
    0x080030fe   0x080030fe   0x00000002   PAD
    0x08003100   0x08003100   0x000000d8   Code   RO         5137    i.pvPortMalloc      heap_4.o
    0x080031d8   0x080031d8   0x00000018   Code   RO         4481    i.pvTaskIncrementMutexHeldCount  tasks.o
    0x080031f0   0x080031f0   0x0000002c   Code   RO         5199    i.pxPortInitialiseStack  port.o
    0x0800321c   0x0800321c   0x000000e4   Code   RO           19    i.removeDict        dict.o
    0x08003300   0x08003300   0x0000001c   Code   RO          241    i.toUpper           main.o
    0x0800331c   0x0800331c   0x00000016   Code   RO           20    i.unmarkLetterInTrieNode  dict.o
    0x08003332   0x08003332   0x00000026   Code   RO         4101    i.uxListRemove      list.o
    0x08003358   0x08003358   0x00000014   Code   RO          462    i.vApplicationGetIdleTaskMemory  freertos.o
    0x0800336c   0x0800336c   0x00000016   Code   RO         4102    i.vListInitialise   list.o
    0x08003382   0x08003382   0x00000006   Code   RO         4103    i.vListInitialiseItem  list.o
    0x08003388   0x08003388   0x00000030   Code   RO         4104    i.vListInsert       list.o
    0x080033b8   0x080033b8   0x00000018   Code   RO         4105    i.vListInsertEnd    list.o
    0x080033d0   0x080033d0   0x00000040   Code   RO         5201    i.vPortEnterCritical  port.o
    0x08003410   0x08003410   0x00000028   Code   RO         5202    i.vPortExitCritical  port.o
    0x08003438   0x08003438   0x0000005c   Code   RO         5138    i.vPortFree         heap_4.o
    0x08003494   0x08003494   0x00000024   Code   RO         5203    i.vPortSetupTimerInterrupt  port.o
    0x080034b8   0x080034b8   0x00000054   Code   RO         5204    i.vPortValidateInterruptPriority  port.o
    0x0800350c   0x0800350c   0x00000010   Code   RO         4490    i.vTaskInternalSetTimeOutState  tasks.o
    0x0800351c   0x0800351c   0x0000000c   Code   RO         4491    i.vTaskMissedYield  tasks.o
    0x08003528   0x08003528   0x00000030   Code   RO         4493    i.vTaskPlaceOnEventList  tasks.o
    0x08003558   0x08003558   0x000000a8   Code   RO         4495    i.vTaskPriorityDisinheritAfterTimeout  tasks.o
    0x08003600   0x08003600   0x0000006c   Code   RO         4500    i.vTaskStartScheduler  tasks.o
    0x0800366c   0x0800366c   0x00000010   Code   RO         4502    i.vTaskSuspendAll   tasks.o
    0x0800367c   0x0800367c   0x0000005c   Code   RO         4503    i.vTaskSwitchContext  tasks.o
    0x080036d8   0x080036d8   0x000000f4   Code   RO         5205    i.xPortStartScheduler  port.o
    0x080037cc   0x080037cc   0x00000016   Code   RO         4152    i.xQueueCreateMutex  queue.o
    0x080037e2   0x080037e2   0x0000001a   Code   RO         4153    i.xQueueCreateMutexStatic  queue.o
    0x080037fc   0x080037fc   0x00000048   Code   RO         4154    i.xQueueGenericCreate  queue.o
    0x08003844   0x08003844   0x00000066   Code   RO         4155    i.xQueueGenericCreateStatic  queue.o
    0x080038aa   0x080038aa   0x00000002   PAD
    0x080038ac   0x080038ac   0x00000088   Code   RO         4156    i.xQueueGenericReset  queue.o
    0x08003934   0x08003934   0x00000160   Code   RO         4157    i.xQueueGenericSend  queue.o
    0x08003a94   0x08003a94   0x0000009c   Code   RO         4159    i.xQueueGiveFromISR  queue.o
    0x08003b30   0x08003b30   0x0000009a   Code   RO         4165    i.xQueueReceiveFromISR  queue.o
    0x08003bca   0x08003bca   0x00000002   PAD
    0x08003bcc   0x08003bcc   0x00000178   Code   RO         4166    i.xQueueSemaphoreTake  queue.o
    0x08003d44   0x08003d44   0x00000074   Code   RO         4504    i.xTaskCheckForTimeOut  tasks.o
    0x08003db8   0x08003db8   0x00000060   Code   RO         4505    i.xTaskCreate       tasks.o
    0x08003e18   0x08003e18   0x00000056   Code   RO         4506    i.xTaskCreateStatic  tasks.o
    0x08003e6e   0x08003e6e   0x00000002   PAD
    0x08003e70   0x08003e70   0x000000e0   Code   RO         4507    i.xTaskGenericNotify  tasks.o
    0x08003f50   0x08003f50   0x00000104   Code   RO         4508    i.xTaskGenericNotifyFromISR  tasks.o
    0x08004054   0x08004054   0x0000001c   Code   RO         4510    i.xTaskGetSchedulerState  tasks.o
    0x08004070   0x08004070   0x000000c8   Code   RO         4513    i.xTaskIncrementTick  tasks.o
    0x08004138   0x08004138   0x0000008c   Code   RO         4515    i.xTaskNotifyWait   tasks.o
    0x080041c4   0x080041c4   0x00000098   Code   RO         4516    i.xTaskPriorityDisinherit  tasks.o
    0x0800425c   0x0800425c   0x00000094   Code   RO         4517    i.xTaskPriorityInherit  tasks.o
    0x080042f0   0x080042f0   0x00000074   Code   RO         4518    i.xTaskRemoveFromEventList  tasks.o
    0x08004364   0x08004364   0x000000c4   Code   RO         4519    i.xTaskResumeAll    tasks.o
    0x08004428   0x08004428   0x00000038   Data   RO          243    .constdata          main.o
    0x08004460   0x08004460   0x00000040   Data   RO         3973    .constdata          system_stm32l4xx.o
    0x080044a0   0x080044a0   0x00000008   Data   RO         3974    .constdata          system_stm32l4xx.o
    0x080044a8   0x080044a8   0x0000001e   Data   RO          244    .conststring        main.o
    0x080044c6   0x080044c6   0x00000002   PAD
    0x080044c8   0x080044c8   0x00000020   Data   RO         5621    Region$$Table       anon$$obj.o


    Execution Region RW_IRAM1 (Exec base: 0x20000000, Load base: 0x080044e8, Size: 0x000024f0, Max: 0x00010000, ABSOLUTE)

    Exec Addr    Load Addr    Size         Type   Attr      Idx    E Section Name        Object

    0x20000000   0x080044e8   0x00000018   Data   RW          245    .data               main.o
    0x20000018   0x08004500   0x0000000c   Data   RW          676    .data               stm32l4xx_hal.o
    0x20000024   0x0800450c   0x00000004   Data   RW         3975    .data               system_stm32l4xx.o
    0x20000028   0x08004510   0x0000003c   Data   RW         4522    .data               tasks.o
    0x20000064   0x0800454c   0x00000018   Data   RW         5143    .data               heap_4.o
    0x2000007c   0x08004564   0x0000000c   Data   RW         5206    .data               port.o
    0x20000088   0x08004570   0x00000004   Data   RW         5600    .data               mc_w.l(mvars.o)
    0x2000008c   0x08004574   0x00000004   Data   RW         5601    .data               mc_w.l(mvars.o)
    0x20000090        -       0x00000120   Zero   RW          242    .bss                main.o
    0x200001b0        -       0x00000254   Zero   RW          463    .bss                freertos.o
    0x20000404        -       0x00000040   Zero   RW          610    .bss                stm32l4xx_hal_timebase_tim.o
    0x20000444        -       0x000000f0   Zero   RW         4521    .bss                tasks.o
    0x20000534        -       0x00000bb8   Zero   RW         5142    .bss                heap_4.o
    0x200010ec   0x08004578   0x00000004   PAD
    0x200010f0        -       0x00001000   Zero   RW            2    HEAP                startup_stm32l432xx.o
    0x200020f0        -       0x00000400   Zero   RW            1    STACK               startup_stm32l432xx.o


==============================================================================

Image component sizes


      Code (inc. data)   RO Data    RW Data    ZI Data      Debug   Object Name

       334         14          0          0          0      19190   cmd_queue.o
       516         20          0          0          0      27583   cmsis_os.o
       552          0          0          0          0      32721   dict.o
         0          0          0          0          0      17496   event_groups.o
        20          4          0          0        596      10420   freertos.o
       456         22          0         24       3000       7575   heap_4.o
       138          0          0          0          0       3762   list.o
      1136        176         86         24        288     682029   main.o
       234          0          0          0          0       2434   pkt_queue.o
       818         82          0         12          0      12353   port.o
      1720         14          0          0          0      20654   queue.o
        36          8        396          0       5120        872   startup_stm32l432xx.o
        58         10          0         12          0       3106   stm32l4xx_hal.o
       158         14          0          0          0      33342   stm32l4xx_hal_cortex.o
        78          0          0          0          0       1155   stm32l4xx_hal_dma.o
       428         20          0          0          0       2560   stm32l4xx_hal_gpio.o
       260         16          0          0          0       1797   stm32l4xx_hal_msp.o
        16          4          0          0          0        579   stm32l4xx_hal_pwr.o
       120         20          0          0          0       1434   stm32l4xx_hal_pwr_ex.o
      2100        108          0          0          0       7933   stm32l4xx_hal_rcc.o
       966         36          0          0          0       3589   stm32l4xx_hal_rcc_ex.o
       604         18          0          0          0       7576   stm32l4xx_hal_tim.o
         6          0          0          0          0       2300   stm32l4xx_hal_tim_ex.o
       116         18          0          0         64       1503   stm32l4xx_hal_timebase_tim.o
      2290         68          0          0          0      14319   stm32l4xx_hal_uart.o
         2          0          0          0          0       1072   stm32l4xx_hal_uart_ex.o
        48         18          0          0          0       4436   stm32l4xx_it.o
         0          0          0          0          0        416   stream_buffer.o
        68         12         72          4          0       1313   system_stm32l4xx.o
      2898        206          0         60        240      31989   tasks.o
        14          0          0          0          0       1057   trie.o

    ----------------------------------------------------------------------
     16236        908        588        136       9312     958565   Object Totals
         0          0         32          0          0          0   (incl. Generated)
        46          0          2          0          4          0   (incl. Padding)

    ----------------------------------------------------------------------

      Code (inc. data)   RO Data    RW Data    ZI Data      Debug   Library Member Name

         0          0          0          0          0          0   entry.o
         0          0          0          0          0          0   entry10a.o
         0          0          0          0          0          0   entry11a.o
         8          4          0          0          0          0   entry2.o
         4          0          0          0          0          0   entry5.o
         0          0          0          0          0          0   entry7b.o
         0          0          0          0          0          0   entry8b.o
         8          4          0          0          0          0   entry9a.o
        30          0          0          0          0          0   handlers.o
        36          8          0          0          0         68   init.o
        30          0          0          0          0         68   llshl.o
        32          0          0          0          0         68   llushr.o
       188         20          0          0          0        160   malloc.o
        36          0          0          0          0         68   memcpya.o
        36          0          0          0          0        108   memseta.o
         0          0          0          8          0          0   mvars.o
       290          4          0          0          0        244   printf2.o
        14          0          0          0          0         68   strlen.o
       104          0          0          0          0         92   uldiv.o

    ----------------------------------------------------------------------
       816         40          0          8          0        944   Library Totals
         0          0          0          0          0          0   (incl. Padding)

    ----------------------------------------------------------------------

      Code (inc. data)   RO Data    RW Data    ZI Data      Debug   Library Name

       816         40          0          8          0        944   mc_w.l

    ----------------------------------------------------------------------
       816         40          0          8          0        944   Library Totals

    ----------------------------------------------------------------------

==============================================================================


      Code (inc. data)   RO Data    RW Data    ZI Data      Debug   

     17052        948        588        144       9312     943797   Grand Totals
     17052        948        588        144       9312     943797   ELF Image Totals
     17052        948        588        144          0          0   ROM Totals

==============================================================================

    Total RO  Size (Code + RO Data)                17640 (  17.23kB)
    Total RW  Size (RW Data + ZI Data)              9456 (   9.23kB)
    Total ROM Size (Code + RO Data + RW Data)      17784 (  17.37kB)

==============================================================================

